Component: ARM Compiler 5.06 update 7 (build 960) Tool: armlink [4d3601]

==============================================================================

Section Cross References

    startup_stm32l051xx.o(RESET) refers to startup_stm32l051xx.o(STACK) for __initial_sp
    startup_stm32l051xx.o(RESET) refers to startup_stm32l051xx.o(.text) for Reset_Handler
    startup_stm32l051xx.o(RESET) refers to stm32l0xx_it.o(i.NMI_Handler) for NMI_Handler
    startup_stm32l051xx.o(RESET) refers to stm32l0xx_it.o(i.HardFault_Handler) for HardFault_Handler
    startup_stm32l051xx.o(RESET) refers to port.o(i.SVC_Handler) for SVC_Handler
    startup_stm32l051xx.o(RESET) refers to port.o(.emb_text) for PendSV_Handler
    startup_stm32l051xx.o(RESET) refers to port.o(i.SysTick_Handler) for SysTick_Handler
    startup_stm32l051xx.o(RESET) refers to stm32l0xx_it.o(i.TIM22_IRQHandler) for TIM22_IRQHandler
    startup_stm32l051xx.o(.text) refers to system_stm32l0xx.o(i.SystemInit) for SystemInit
    startup_stm32l051xx.o(.text) refers to entry.o(.ARM.Collect$$$$00000000) for __main
    main.o(i.HAL_TIM_PeriodElapsedCallback) refers to stm32l0xx_hal.o(i.HAL_IncTick) for HAL_IncTick
    main.o(i.SystemClock_Config) refers to memseta.o(.text) for __aeabi_memclr4
    main.o(i.SystemClock_Config) refers to stm32l0xx_hal_rcc.o(i.HAL_RCC_OscConfig) for HAL_RCC_OscConfig
    main.o(i.SystemClock_Config) refers to stm32l0xx_hal_rcc.o(i.HAL_RCC_ClockConfig) for HAL_RCC_ClockConfig
    main.o(i.SystemClock_Config) refers to stm32l0xx_hal_rcc_ex.o(i.HAL_RCCEx_PeriphCLKConfig) for HAL_RCCEx_PeriphCLKConfig
    main.o(i.main) refers to stm32l0xx_hal.o(i.HAL_Init) for HAL_Init
    main.o(i.main) refers to main.o(i.SystemClock_Config) for SystemClock_Config
    main.o(i.main) refers to gpio.o(i.MX_GPIO_Init) for MX_GPIO_Init
    main.o(i.main) refers to adc.o(i.MX_ADC_Init) for MX_ADC_Init
    main.o(i.main) refers to usart.o(i.MX_USART1_UART_Init) for MX_USART1_UART_Init
    main.o(i.main) refers to i2c.o(i.MX_I2C1_Init) for MX_I2C1_Init
    main.o(i.main) refers to freertos.o(i.MX_FREERTOS_Init) for MX_FREERTOS_Init
    main.o(i.main) refers to cmsis_os.o(i.osKernelStart) for osKernelStart
    gpio.o(i.MX_GPIO_Init) refers to memseta.o(.text) for __aeabi_memclr4
    gpio.o(i.MX_GPIO_Init) refers to stm32l0xx_hal_gpio.o(i.HAL_GPIO_WritePin) for HAL_GPIO_WritePin
    gpio.o(i.MX_GPIO_Init) refers to stm32l0xx_hal_gpio.o(i.HAL_GPIO_Init) for HAL_GPIO_Init
    freertos.o(i.MX_FREERTOS_Init) refers to memcpya.o(.text) for __aeabi_memcpy4
    freertos.o(i.MX_FREERTOS_Init) refers to cmsis_os.o(i.osThreadCreate) for osThreadCreate
    freertos.o(i.MX_FREERTOS_Init) refers to freertos.o(.constdata) for .constdata
    freertos.o(i.MX_FREERTOS_Init) refers to freertos.o(.data) for .data
    freertos.o(i.Oled_ShowTask) refers to printfb.o(i.__0printf$bare) for __2printf
    freertos.o(i.Oled_ShowTask) refers to cmsis_os.o(i.osDelay) for osDelay
    freertos.o(i.vApplicationGetIdleTaskMemory) refers to freertos.o(.bss) for .bss
    freertos.o(.constdata) refers to freertos.o(.conststring) for .conststring
    freertos.o(.constdata) refers to freertos.o(i.Oled_ShowTask) for Oled_ShowTask
    adc.o(i.HAL_ADC_MspDeInit) refers to stm32l0xx_hal_gpio.o(i.HAL_GPIO_DeInit) for HAL_GPIO_DeInit
    adc.o(i.HAL_ADC_MspInit) refers to memseta.o(.text) for __aeabi_memclr4
    adc.o(i.HAL_ADC_MspInit) refers to stm32l0xx_hal_gpio.o(i.HAL_GPIO_Init) for HAL_GPIO_Init
    adc.o(i.MX_ADC_Init) refers to stm32l0xx_hal_adc.o(i.HAL_ADC_Init) for HAL_ADC_Init
    adc.o(i.MX_ADC_Init) refers to main.o(i.Error_Handler) for Error_Handler
    adc.o(i.MX_ADC_Init) refers to stm32l0xx_hal_adc.o(i.HAL_ADC_ConfigChannel) for HAL_ADC_ConfigChannel
    adc.o(i.MX_ADC_Init) refers to adc.o(.bss) for .bss
    i2c.o(i.HAL_I2C_MspDeInit) refers to stm32l0xx_hal_gpio.o(i.HAL_GPIO_DeInit) for HAL_GPIO_DeInit
    i2c.o(i.HAL_I2C_MspInit) refers to memseta.o(.text) for __aeabi_memclr4
    i2c.o(i.HAL_I2C_MspInit) refers to stm32l0xx_hal_gpio.o(i.HAL_GPIO_Init) for HAL_GPIO_Init
    i2c.o(i.MX_I2C1_Init) refers to stm32l0xx_hal_i2c.o(i.HAL_I2C_Init) for HAL_I2C_Init
    i2c.o(i.MX_I2C1_Init) refers to main.o(i.Error_Handler) for Error_Handler
    i2c.o(i.MX_I2C1_Init) refers to stm32l0xx_hal_i2c_ex.o(i.HAL_I2CEx_ConfigAnalogFilter) for HAL_I2CEx_ConfigAnalogFilter
    i2c.o(i.MX_I2C1_Init) refers to stm32l0xx_hal_i2c_ex.o(i.HAL_I2CEx_ConfigDigitalFilter) for HAL_I2CEx_ConfigDigitalFilter
    i2c.o(i.MX_I2C1_Init) refers to i2c.o(.bss) for .bss
    usart.o(i.HAL_UART_MspDeInit) refers to stm32l0xx_hal_gpio.o(i.HAL_GPIO_DeInit) for HAL_GPIO_DeInit
    usart.o(i.HAL_UART_MspInit) refers to memseta.o(.text) for __aeabi_memclr4
    usart.o(i.HAL_UART_MspInit) refers to stm32l0xx_hal_gpio.o(i.HAL_GPIO_Init) for HAL_GPIO_Init
    usart.o(i.MX_USART1_UART_Init) refers to stm32l0xx_hal_uart.o(i.HAL_UART_Init) for HAL_UART_Init
[...]
    Removing stm32l0xx_hal_tim.o(i.HAL_TIM_ConfigOCrefClear), (204 bytes).
    Removing stm32l0xx_hal_tim.o(i.HAL_TIM_ConfigTI1Input), (16 bytes).
    Removing stm32l0xx_hal_tim.o(i.HAL_TIM_DMABurstState), (6 bytes).
    Removing stm32l0xx_hal_tim.o(i.HAL_TIM_DMABurst_MultiReadStart), (296 bytes).
    Removing stm32l0xx_hal_tim.o(i.HAL_TIM_DMABurst_MultiWriteStart), (296 bytes).
    Removing stm32l0xx_hal_tim.o(i.HAL_TIM_DMABurst_ReadStart), (18 bytes).
    Removing stm32l0xx_hal_tim.o(i.HAL_TIM_DMABurst_ReadStop), (102 bytes).
    Removing stm32l0xx_hal_tim.o(i.HAL_TIM_DMABurst_WriteStart), (18 bytes).
    Removing stm32l0xx_hal_tim.o(i.HAL_TIM_DMABurst_WriteStop), (102 bytes).
    Removing stm32l0xx_hal_tim.o(i.HAL_TIM_Encoder_DeInit), (52 bytes).
    Removing stm32l0xx_hal_tim.o(i.HAL_TIM_Encoder_GetState), (6 bytes).
    Removing stm32l0xx_hal_tim.o(i.HAL_TIM_Encoder_Init), (164 bytes).
    Removing stm32l0xx_hal_tim.o(i.HAL_TIM_Encoder_MspDeInit), (2 bytes).
    Removing stm32l0xx_hal_tim.o(i.HAL_TIM_Encoder_MspInit), (2 bytes).
    Removing stm32l0xx_hal_tim.o(i.HAL_TIM_Encoder_Start), (94 bytes).
    Removing stm32l0xx_hal_tim.o(i.HAL_TIM_Encoder_Start_DMA), (356 bytes).
    Removing stm32l0xx_hal_tim.o(i.HAL_TIM_Encoder_Start_IT), (130 bytes).
    Removing stm32l0xx_hal_tim.o(i.HAL_TIM_Encoder_Stop), (84 bytes).
    Removing stm32l0xx_hal_tim.o(i.HAL_TIM_Encoder_Stop_DMA), (152 bytes).
    Removing stm32l0xx_hal_tim.o(i.HAL_TIM_Encoder_Stop_IT), (128 bytes).
    Removing stm32l0xx_hal_tim.o(i.HAL_TIM_ErrorCallback), (2 bytes).
    Removing stm32l0xx_hal_tim.o(i.HAL_TIM_GenerateEvent), (36 bytes).
    Removing stm32l0xx_hal_tim.o(i.HAL_TIM_GetActiveChannel), (4 bytes).
    Removing stm32l0xx_hal_tim.o(i.HAL_TIM_GetChannelState), (30 bytes).
    Removing stm32l0xx_hal_tim.o(i.HAL_TIM_IC_CaptureHalfCpltCallback), (2 bytes).
    Removing stm32l0xx_hal_tim.o(i.HAL_TIM_IC_ConfigChannel), (294 bytes).
    Removing stm32l0xx_hal_tim.o(i.HAL_TIM_IC_DeInit), (56 bytes).
    Removing stm32l0xx_hal_tim.o(i.HAL_TIM_IC_GetState), (6 bytes).
    Removing stm32l0xx_hal_tim.o(i.HAL_TIM_IC_Init), (62 bytes).
    Removing stm32l0xx_hal_tim.o(i.HAL_TIM_IC_MspDeInit), (2 bytes).
    Removing stm32l0xx_hal_tim.o(i.HAL_TIM_IC_MspInit), (2 bytes).
    Removing stm32l0xx_hal_tim.o(i.HAL_TIM_IC_Start), (132 bytes).
    Removing stm32l0xx_hal_tim.o(i.HAL_TIM_IC_Start_DMA), (364 bytes).
    Removing stm32l0xx_hal_tim.o(i.HAL_TIM_IC_Start_IT), (172 bytes).
    Removing stm32l0xx_hal_tim.o(i.HAL_TIM_IC_Stop), (72 bytes).
    Removing stm32l0xx_hal_tim.o(i.HAL_TIM_IC_Stop_DMA), (160 bytes).
    Removing stm32l0xx_hal_tim.o(i.HAL_TIM_IC_Stop_IT), (128 bytes).
    Removing stm32l0xx_hal_tim.o(i.HAL_TIM_OC_ConfigChannel), (80 bytes).
    Removing stm32l0xx_hal_tim.o(i.HAL_TIM_OC_DeInit), (56 bytes).
    Removing stm32l0xx_hal_tim.o(i.HAL_TIM_OC_GetState), (6 bytes).
    Removing stm32l0xx_hal_tim.o(i.HAL_TIM_OC_Init), (62 bytes).
    Removing stm32l0xx_hal_tim.o(i.HAL_TIM_OC_MspDeInit), (2 bytes).
    Removing stm32l0xx_hal_tim.o(i.HAL_TIM_OC_MspInit), (2 bytes).
    Removing stm32l0xx_hal_tim.o(i.HAL_TIM_OC_Start), (124 bytes).
    Removing stm32l0xx_hal_tim.o(i.HAL_TIM_OC_Start_DMA), (360 bytes).
    Removing stm32l0xx_hal_tim.o(i.HAL_TIM_OC_Start_IT), (164 bytes).
    Removing stm32l0xx_hal_tim.o(i.HAL_TIM_OC_Stop), (72 bytes).
    Removing stm32l0xx_hal_tim.o(i.HAL_TIM_OC_Stop_DMA), (160 bytes).
    Removing stm32l0xx_hal_tim.o(i.HAL_TIM_OC_Stop_IT), (128 bytes).
    Removing stm32l0xx_hal_tim.o(i.HAL_TIM_OnePulse_ConfigChannel), (210 bytes).
    Removing stm32l0xx_hal_tim.o(i.HAL_TIM_OnePulse_DeInit), (52 bytes).
    Removing stm32l0xx_hal_tim.o(i.HAL_TIM_OnePulse_GetState), (6 bytes).
    Removing stm32l0xx_hal_tim.o(i.HAL_TIM_OnePulse_Init), (78 bytes).
    Removing stm32l0xx_hal_tim.o(i.HAL_TIM_OnePulse_MspDeInit), (2 bytes).
    Removing stm32l0xx_hal_tim.o(i.HAL_TIM_OnePulse_MspInit), (2 bytes).
    Removing stm32l0xx_hal_tim.o(i.HAL_TIM_OnePulse_Start), (52 bytes).
    Removing stm32l0xx_hal_tim.o(i.HAL_TIM_OnePulse_Start_IT), (70 bytes).
    Removing stm32l0xx_hal_tim.o(i.HAL_TIM_OnePulse_Stop), (60 bytes).
    Removing stm32l0xx_hal_tim.o(i.HAL_TIM_OnePulse_Stop_IT), (80 bytes).
    Removing stm32l0xx_hal_tim.o(i.HAL_TIM_PWM_ConfigChannel), (208 bytes).
    Removing stm32l0xx_hal_tim.o(i.HAL_TIM_PWM_DeInit), (56 bytes).
    Removing stm32l0xx_hal_tim.o(i.HAL_TIM_PWM_GetState), (6 bytes).
    Removing stm32l0xx_hal_tim.o(i.HAL_TIM_PWM_Init), (62 bytes).
    Removing stm32l0xx_hal_tim.o(i.HAL_TIM_PWM_MspDeInit), (2 bytes).
    Removing stm32l0xx_hal_tim.o(i.HAL_TIM_PWM_MspInit), (2 bytes).
    Removing stm32l0xx_hal_tim.o(i.HAL_TIM_PWM_PulseFinishedHalfCpltCallback), (2 bytes).
    Removing stm32l0xx_hal_tim.o(i.HAL_TIM_PWM_Start), (124 bytes).
    Removing stm32l0xx_hal_tim.o(i.HAL_TIM_PWM_Start_DMA), (360 bytes).
    Removing stm32l0xx_hal_tim.o(i.HAL_TIM_PWM_Start_IT), (164 bytes).
    Removing stm32l0xx_hal_tim.o(i.HAL_TIM_PWM_Stop), (72 bytes).
    Removing stm32l0xx_hal_tim.o(i.HAL_TIM_PWM_Stop_DMA), (160 bytes).
    Removing stm32l0xx_hal_tim.o(i.HAL_TIM_PWM_Stop_IT), (128 bytes).
    Removing stm32l0xx_hal_tim.o(i.HAL_TIM_PeriodElapsedCallback), (2 bytes).
    Removing stm32l0xx_hal_tim.o(i.HAL_TIM_PeriodElapsedHalfCpltCallback), (2 bytes).
    Removing stm32l0xx_hal_tim.o(i.HAL_TIM_ReadCapturedValue), (44 bytes).
    Removing stm32l0xx_hal_tim.o(i.HAL_TIM_SlaveConfigSynchro), (76 bytes).
    Removing stm32l0xx_hal_tim.o(i.HAL_TIM_SlaveConfigSynchro_IT), (76 bytes).
    Removing stm32l0xx_hal_tim.o(i.HAL_TIM_TriggerHalfCpltCallback), (2 bytes).
    Removing stm32l0xx_hal_tim.o(i.TIM_CCxChannelCmd), (26 bytes).
    Removing stm32l0xx_hal_tim.o(i.TIM_DMACaptureCplt), (102 bytes).
    Removing stm32l0xx_hal_tim.o(i.TIM_DMACaptureHalfCplt), (56 bytes).
    Removing stm32l0xx_hal_tim.o(i.TIM_DMADelayPulseCplt), (102 bytes).
    Removing stm32l0xx_hal_tim.o(i.TIM_DMADelayPulseHalfCplt), (56 bytes).
    Removing stm32l0xx_hal_tim.o(i.TIM_DMAError), (84 bytes).
    Removing stm32l0xx_hal_tim.o(i.TIM_DMAPeriodElapsedCplt), (24 bytes).
    Removing stm32l0xx_hal_tim.o(i.TIM_DMAPeriodElapsedHalfCplt), (10 bytes).
    Removing stm32l0xx_hal_tim.o(i.TIM_DMATriggerCplt), (24 bytes).
    Removing stm32l0xx_hal_tim.o(i.TIM_DMATriggerHalfCplt), (10 bytes).
    Removing stm32l0xx_hal_tim.o(i.TIM_ETR_SetConfig), (22 bytes).
    Removing stm32l0xx_hal_tim.o(i.TIM_ITRx_SetConfig), (16 bytes).
    Removing stm32l0xx_hal_tim.o(i.TIM_OC1_SetConfig), (48 bytes).
    Removing stm32l0xx_hal_tim.o(i.TIM_OC2_SetConfig), (50 bytes).
    Removing stm32l0xx_hal_tim.o(i.TIM_OC3_SetConfig), (54 bytes).
    Removing stm32l0xx_hal_tim.o(i.TIM_OC4_SetConfig), (54 bytes).
    Removing stm32l0xx_hal_tim.o(i.TIM_SlaveTimer_SetConfig), (140 bytes).
    Removing stm32l0xx_hal_tim.o(i.TIM_TI1_ConfigInputStage), (34 bytes).
    Removing stm32l0xx_hal_tim.o(i.TIM_TI1_SetConfig), (76 bytes).
    Removing stm32l0xx_hal_tim.o(i.TIM_TI2_ConfigInputStage), (38 bytes).
    Removing stm32l0xx_hal_tim.o(i.TIM_TI2_SetConfig), (52 bytes).
    Removing stm32l0xx_hal_tim_ex.o(.rev16_text), (4 bytes).
    Removing stm32l0xx_hal_tim_ex.o(.revsh_text), (4 bytes).
    Removing stm32l0xx_hal_tim_ex.o(i.HAL_TIMEx_MasterConfigSynchronization), (88 bytes).
    Removing stm32l0xx_hal_tim_ex.o(i.HAL_TIMEx_RemapConfig), (28 bytes).
    Removing stm32l0xx_hal_uart.o(.rev16_text), (4 bytes).
    Removing stm32l0xx_hal_uart.o(.revsh_text), (4 bytes).
    Removing stm32l0xx_hal_uart.o(i.HAL_HalfDuplex_EnableReceiver), (78 bytes).
    Removing stm32l0xx_hal_uart.o(i.HAL_HalfDuplex_EnableTransmitter), (78 bytes).
    Removing stm32l0xx_hal_uart.o(i.HAL_HalfDuplex_Init), (116 bytes).
    Removing stm32l0xx_hal_uart.o(i.HAL_LIN_Init), (146 bytes).
    Removing stm32l0xx_hal_uart.o(i.HAL_LIN_SendBreak), (44 bytes).
    Removing stm32l0xx_hal_uart.o(i.HAL_MultiProcessor_DisableMuteMode), (58 bytes).
    Removing stm32l0xx_hal_uart.o(i.HAL_MultiProcessor_EnableMuteMode), (58 bytes).
    Removing stm32l0xx_hal_uart.o(i.HAL_MultiProcessor_EnterMuteMode), (12 bytes).
    Removing stm32l0xx_hal_uart.o(i.HAL_MultiProcessor_Init), (142 bytes).
    Removing stm32l0xx_hal_uart.o(i.HAL_UARTEx_RxEventCallback), (2 bytes).
    Removing stm32l0xx_hal_uart.o(i.HAL_UART_Abort), (252 bytes).
    Removing stm32l0xx_hal_uart.o(i.HAL_UART_AbortCpltCallback), (2 bytes).
    Removing stm32l0xx_hal_uart.o(i.HAL_UART_AbortReceive), (184 bytes).
    Removing stm32l0xx_hal_uart.o(i.HAL_UART_AbortReceiveCpltCallback), (2 bytes).
    Removing stm32l0xx_hal_uart.o(i.HAL_UART_AbortReceive_IT), (200 bytes).
    Removing stm32l0xx_hal_uart.o(i.HAL_UART_AbortTransmit), (112 bytes).
    Removing stm32l0xx_hal_uart.o(i.HAL_UART_AbortTransmitCpltCallback), (2 bytes).
    Removing stm32l0xx_hal_uart.o(i.HAL_UART_AbortTransmit_IT), (116 bytes).
    Removing stm32l0xx_hal_uart.o(i.HAL_UART_Abort_IT), (292 bytes).
    Removing stm32l0xx_hal_uart.o(i.HAL_UART_DMAPause), (150 bytes).
    Removing stm32l0xx_hal_uart.o(i.HAL_UART_DMAResume), (140 bytes).
    Removing stm32l0xx_hal_uart.o(i.HAL_UART_DMAStop), (154 bytes).
    Removing stm32l0xx_hal_uart.o(i.HAL_UART_DeInit), (62 bytes).
    Removing stm32l0xx_hal_uart.o(i.HAL_UART_DisableReceiverTimeout), (68 bytes).
    Removing stm32l0xx_hal_uart.o(i.HAL_UART_EnableReceiverTimeout), (68 bytes).
    Removing stm32l0xx_hal_uart.o(i.HAL_UART_ErrorCallback), (2 bytes).
    Removing stm32l0xx_hal_uart.o(i.HAL_UART_GetError), (6 bytes).
    Removing stm32l0xx_hal_uart.o(i.HAL_UART_GetState), (10 bytes).
    Removing stm32l0xx_hal_uart.o(i.HAL_UART_IRQHandler), (676 bytes).
    Removing stm32l0xx_hal_uart.o(i.HAL_UART_MspDeInit), (2 bytes).
    Removing stm32l0xx_hal_uart.o(i.HAL_UART_MspInit), (2 bytes).
    Removing stm32l0xx_hal_uart.o(i.HAL_UART_Receive), (272 bytes).
    Removing stm32l0xx_hal_uart.o(i.HAL_UART_Receive_DMA), (112 bytes).
    Removing stm32l0xx_hal_uart.o(i.HAL_UART_Receive_IT), (112 bytes).
    Removing stm32l0xx_hal_uart.o(i.HAL_UART_ReceiverTimeout_Config), (24 bytes).
    Removing stm32l0xx_hal_uart.o(i.HAL_UART_RxCpltCallback), (2 bytes).
    Removing stm32l0xx_hal_uart.o(i.HAL_UART_RxHalfCpltCallback), (2 bytes).
    Removing stm32l0xx_hal_uart.o(i.HAL_UART_Transmit), (210 bytes).
    Removing stm32l0xx_hal_uart.o(i.HAL_UART_Transmit_DMA), (192 bytes).
    Removing stm32l0xx_hal_uart.o(i.HAL_UART_Transmit_IT), (136 bytes).
    Removing stm32l0xx_hal_uart.o(i.HAL_UART_TxCpltCallback), (2 bytes).
    Removing stm32l0xx_hal_uart.o(i.HAL_UART_TxHalfCpltCallback), (2 bytes).
    Removing stm32l0xx_hal_uart.o(i.UART_DMAAbortOnError), (20 bytes).
    Removing stm32l0xx_hal_uart.o(i.UART_DMAError), (76 bytes).
    Removing stm32l0xx_hal_uart.o(i.UART_DMAReceiveCplt), (150 bytes).
    Removing stm32l0xx_hal_uart.o(i.UART_DMARxAbortCallback), (64 bytes).
    Removing stm32l0xx_hal_uart.o(i.UART_DMARxHalfCplt), (28 bytes).
    Removing stm32l0xx_hal_uart.o(i.UART_DMARxOnlyAbortCallback), (38 bytes).
    Removing stm32l0xx_hal_uart.o(i.UART_DMATransmitCplt), (76 bytes).
    Removing stm32l0xx_hal_uart.o(i.UART_DMATxAbortCallback), (54 bytes).
    Removing stm32l0xx_hal_uart.o(i.UART_DMATxHalfCplt), (10 bytes).
    Removing stm32l0xx_hal_uart.o(i.UART_DMATxOnlyAbortCallback), (20 bytes).
    Removing stm32l0xx_hal_uart.o(i.UART_EndRxTransfer), (94 bytes).
    Removing stm32l0xx_hal_uart.o(i.UART_EndTxTransfer), (32 bytes).
    Removing stm32l0xx_hal_uart.o(i.UART_RxISR_16BIT), (168 bytes).
    Removing stm32l0xx_hal_uart.o(i.UART_RxISR_8BIT), (168 bytes).
    Removing stm32l0xx_hal_uart.o(i.UART_Start_Receive_DMA), (176 bytes).
    Removing stm32l0xx_hal_uart.o(i.UART_Start_Receive_IT), (180 bytes).
    Removing stm32l0xx_hal_uart.o(i.UART_TxISR_16BIT), (94 bytes).
    Removing stm32l0xx_hal_uart.o(i.UART_TxISR_8BIT), (90 bytes).
    Removing stm32l0xx_hal_uart_ex.o(.rev16_text), (4 bytes).
    Removing stm32l0xx_hal_uart_ex.o(.revsh_text), (4 bytes).
    Removing stm32l0xx_hal_uart_ex.o(i.HAL_MultiProcessorEx_AddressLength_Set), (52 bytes).
    Removing stm32l0xx_hal_uart_ex.o(i.HAL_RS485Ex_Init), (136 bytes).
    Removing stm32l0xx_hal_uart_ex.o(i.HAL_UARTEx_DisableClockStopMode), (50 bytes).
    Removing stm32l0xx_hal_uart_ex.o(i.HAL_UARTEx_DisableStopMode), (48 bytes).
    Removing stm32l0xx_hal_uart_ex.o(i.HAL_UARTEx_EnableClockStopMode), (50 bytes).
    Removing stm32l0xx_hal_uart_ex.o(i.HAL_UARTEx_EnableStopMode), (48 bytes).
    Removing stm32l0xx_hal_uart_ex.o(i.HAL_UARTEx_ReceiveToIdle), (340 bytes).
    Removing stm32l0xx_hal_uart_ex.o(i.HAL_UARTEx_ReceiveToIdle_DMA), (114 bytes).
    Removing stm32l0xx_hal_uart_ex.o(i.HAL_UARTEx_ReceiveToIdle_IT), (114 bytes).
    Removing stm32l0xx_hal_uart_ex.o(i.HAL_UARTEx_StopModeWakeUpSourceConfig), (152 bytes).
    Removing stm32l0xx_hal_uart_ex.o(i.HAL_UARTEx_WakeupCallback), (2 bytes).
    Removing system_stm32l0xx.o(.rev16_text), (4 bytes).
    Removing system_stm32l0xx.o(.revsh_text), (4 bytes).
    Removing system_stm32l0xx.o(i.SystemCoreClockUpdate), (156 bytes).
    Removing event_groups.o(i.prvTestWaitCondition), (22 bytes).
    Removing event_groups.o(i.vEventGroupClearBitsCallback), (8 bytes).
    Removing event_groups.o(i.vEventGroupDelete), (60 bytes).
    Removing event_groups.o(i.vEventGroupSetBitsCallback), (8 bytes).
    Removing event_groups.o(i.xEventGroupClearBits), (40 bytes).
    Removing event_groups.o(i.xEventGroupCreate), (28 bytes).
    Removing event_groups.o(i.xEventGroupCreateStatic), (34 bytes).
    Removing event_groups.o(i.xEventGroupGetBitsFromISR), (18 bytes).
    Removing event_groups.o(i.xEventGroupSetBits), (116 bytes).
    Removing event_groups.o(i.xEventGroupSync), (164 bytes).
    Removing event_groups.o(i.xEventGroupWaitBits), (204 bytes).
    Removing queue.o(i.pcQueueGetName), (40 bytes).
    Removing queue.o(i.prvCopyDataFromQueue), (38 bytes).
    Removing queue.o(i.prvCopyDataToQueue), (112 bytes).
    Removing queue.o(i.prvInitialiseMutex), (24 bytes).
    Removing queue.o(i.prvInitialiseNewQueue), (28 bytes).
    Removing queue.o(i.prvIsQueueEmpty), (28 bytes).
    Removing queue.o(i.prvUnlockQueue), (112 bytes).
    Removing queue.o(i.uxQueueMessagesWaiting), (24 bytes).
    Removing queue.o(i.uxQueueMessagesWaitingFromISR), (12 bytes).
    Removing queue.o(i.uxQueueSpacesAvailable), (28 bytes).
    Removing queue.o(i.vQueueAddToRegistry), (36 bytes).
    Removing queue.o(i.vQueueDelete), (30 bytes).
    Removing queue.o(i.vQueueUnregisterQueue), (40 bytes).
    Removing queue.o(i.xQueueCreateMutex), (22 bytes).
    Removing queue.o(i.xQueueCreateMutexStatic), (26 bytes).
    Removing queue.o(i.xQueueGenericCreate), (60 bytes).
    Removing queue.o(i.xQueueGenericCreateStatic), (64 bytes).
    Removing queue.o(i.xQueueGenericReset), (108 bytes).
    Removing queue.o(i.xQueueGenericSend), (280 bytes).
    Removing queue.o(i.xQueueGenericSendFromISR), (140 bytes).
    Removing queue.o(i.xQueueGiveFromISR), (116 bytes).
    Removing queue.o(i.xQueueIsQueueEmptyFromISR), (22 bytes).
    Removing queue.o(i.xQueueIsQueueFullFromISR), (24 bytes).
    Removing queue.o(i.xQueuePeek), (258 bytes).
    Removing queue.o(i.xQueuePeekFromISR), (76 bytes).
    Removing queue.o(i.xQueueReceive), (258 bytes).
    Removing queue.o(i.xQueueReceiveFromISR), (120 bytes).
    Removing queue.o(i.xQueueSemaphoreTake), (320 bytes).
    Removing queue.o(.bss), (64 bytes).
    Removing stream_buffer.o(i.prvBytesInBuffer), (18 bytes).
    Removing stream_buffer.o(i.prvInitialiseNewStreamBuffer), (46 bytes).
    Removing stream_buffer.o(i.prvReadBytesFromBuffer), (106 bytes).
    Removing stream_buffer.o(i.prvReadMessageFromBuffer), (58 bytes).
    Removing stream_buffer.o(i.prvWriteBytesToBuffer), (88 bytes).
    Removing stream_buffer.o(i.prvWriteMessageToBuffer), (62 bytes).
    Removing stream_buffer.o(i.vStreamBufferDelete), (30 bytes).
    Removing stream_buffer.o(i.xStreamBufferBytesAvailable), (16 bytes).
    Removing stream_buffer.o(i.xStreamBufferGenericCreate), (76 bytes).
    Removing stream_buffer.o(i.xStreamBufferGenericCreateStatic), (78 bytes).
    Removing stream_buffer.o(i.xStreamBufferIsEmpty), (24 bytes).
    Removing stream_buffer.o(i.xStreamBufferIsFull), (38 bytes).
    Removing stream_buffer.o(i.xStreamBufferNextMessageLengthBytes), (54 bytes).
    Removing stream_buffer.o(i.xStreamBufferReceive), (172 bytes).
    Removing stream_buffer.o(i.xStreamBufferReceiveCompletedFromISR), (58 bytes).
    Removing stream_buffer.o(i.xStreamBufferReceiveFromISR), (110 bytes).
    Removing stream_buffer.o(i.xStreamBufferReset), (58 bytes).
    Removing stream_buffer.o(i.xStreamBufferSend), (210 bytes).
    Removing stream_buffer.o(i.xStreamBufferSendCompletedFromISR), (58 bytes).
    Removing stream_buffer.o(i.xStreamBufferSendFromISR), (110 bytes).
    Removing stream_buffer.o(i.xStreamBufferSetTriggerLevel), (32 bytes).
    Removing stream_buffer.o(i.xStreamBufferSpacesAvailable), (28 bytes).
    Removing tasks.o(i.pcTaskGetName), (24 bytes).
    Removing tasks.o(i.prvTaskIsTaskSuspended), (44 bytes).
    Removing tasks.o(i.pvTaskIncrementMutexHeldCount), (24 bytes).
    Removing tasks.o(i.ulTaskNotifyTake), (96 bytes).
    Removing tasks.o(i.uxTaskGetNumberOfTasks), (12 bytes).
    Removing tasks.o(i.uxTaskPriorityGet), (32 bytes).
    Removing tasks.o(i.uxTaskPriorityGetFromISR), (32 bytes).
    Removing tasks.o(i.uxTaskResetEventItemValue), (24 bytes).
    Removing tasks.o(i.vTaskDelete), (120 bytes).
    Removing tasks.o(i.vTaskEndScheduler), (20 bytes).
    Removing tasks.o(i.vTaskInternalSetTimeOutState), (16 bytes).
    Removing tasks.o(i.vTaskMissedYield), (12 bytes).
    Removing tasks.o(i.vTaskNotifyGiveFromISR), (136 bytes).
    Removing tasks.o(i.vTaskPlaceOnEventList), (36 bytes).
    Removing tasks.o(i.vTaskPlaceOnUnorderedEventList), (60 bytes).
    Removing tasks.o(i.vTaskPriorityDisinheritAfterTimeout), (112 bytes).
    Removing tasks.o(i.vTaskPrioritySet), (148 bytes).
    Removing tasks.o(i.vTaskRemoveFromUnorderedEventList), (92 bytes).
    Removing tasks.o(i.vTaskResume), (92 bytes).
    Removing tasks.o(i.vTaskSetTimeOutState), (36 bytes).
    Removing tasks.o(i.vTaskSuspend), (136 bytes).
    Removing tasks.o(i.xTaskCheckForTimeOut), (92 bytes).
    Removing tasks.o(i.xTaskGenericNotify), (176 bytes).
    Removing tasks.o(i.xTaskGenericNotifyFromISR), (204 bytes).
    Removing tasks.o(i.xTaskGetCurrentTaskHandle), (12 bytes).
    Removing tasks.o(i.xTaskGetSchedulerState), (32 bytes).
    Removing tasks.o(i.xTaskGetTickCount), (12 bytes).
    Removing tasks.o(i.xTaskGetTickCountFromISR), (12 bytes).
    Removing tasks.o(i.xTaskNotifyStateClear), (48 bytes).
    Removing tasks.o(i.xTaskNotifyWait), (124 bytes).
    Removing tasks.o(i.xTaskPriorityDisinherit), (104 bytes).
    Removing tasks.o(i.xTaskPriorityInherit), (120 bytes).
    Removing tasks.o(i.xTaskRemoveFromEventList), (100 bytes).
    Removing tasks.o(i.xTaskResumeFromISR), (108 bytes).
    Removing cmsis_os.o(.rev16_text), (4 bytes).
    Removing cmsis_os.o(.revsh_text), (4 bytes).
    Removing cmsis_os.o(i.inHandlerMode), (12 bytes).
    Removing cmsis_os.o(i.makeCmsisPriority), (14 bytes).
    Removing cmsis_os.o(i.osAbortDelay), (4 bytes).
    Removing cmsis_os.o(i.osDelayUntil), (4 bytes).
    Removing cmsis_os.o(i.osKernelRunning), (18 bytes).
    Removing cmsis_os.o(i.osKernelSysTick), (22 bytes).
    Removing cmsis_os.o(i.osMailAlloc), (14 bytes).
    Removing cmsis_os.o(i.osMailCAlloc), (32 bytes).
    Removing cmsis_os.o(i.osMailCreate), (92 bytes).
    Removing cmsis_os.o(i.osMailFree), (18 bytes).
    Removing cmsis_os.o(i.osMailGet), (136 bytes).
    Removing cmsis_os.o(i.osMailPut), (88 bytes).
    Removing cmsis_os.o(i.osMessageAvailableSpace), (8 bytes).
    Removing cmsis_os.o(i.osMessageCreate), (40 bytes).
    Removing cmsis_os.o(i.osMessageDelete), (26 bytes).
    Removing cmsis_os.o(i.osMessageGet), (140 bytes).
    Removing cmsis_os.o(i.osMessagePeek), (76 bytes).
    Removing cmsis_os.o(i.osMessagePut), (88 bytes).
    Removing cmsis_os.o(i.osMessageWaiting), (26 bytes).
    Removing cmsis_os.o(i.osMutexCreate), (24 bytes).
    Removing cmsis_os.o(i.osMutexDelete), (26 bytes).
    Removing cmsis_os.o(i.osMutexRelease), (76 bytes).
    Removing cmsis_os.o(i.osMutexWait), (100 bytes).
    Removing cmsis_os.o(i.osPoolAlloc), (102 bytes).
    Removing cmsis_os.o(i.osPoolCAlloc), (20 bytes).
    Removing cmsis_os.o(i.osPoolCreate), (94 bytes).
    Removing cmsis_os.o(i.osPoolFree), (48 bytes).
    Removing cmsis_os.o(i.osRecursiveMutexCreate), (4 bytes).
    Removing cmsis_os.o(i.osRecursiveMutexRelease), (4 bytes).
    Removing cmsis_os.o(i.osRecursiveMutexWait), (4 bytes).
    Removing cmsis_os.o(i.osSemaphoreCreate), (64 bytes).
    Removing cmsis_os.o(i.osSemaphoreDelete), (26 bytes).
    Removing cmsis_os.o(i.osSemaphoreGetCount), (8 bytes).
    Removing cmsis_os.o(i.osSemaphoreRelease), (76 bytes).
    Removing cmsis_os.o(i.osSemaphoreWait), (100 bytes).
    Removing cmsis_os.o(i.osSignalSet), (88 bytes).
    Removing cmsis_os.o(i.osSignalWait), (90 bytes).
    Removing cmsis_os.o(i.osSystickHandler), (16 bytes).
    Removing cmsis_os.o(i.osThreadGetId), (8 bytes).
    Removing cmsis_os.o(i.osThreadGetPriority), (30 bytes).
    Removing cmsis_os.o(i.osThreadList), (4 bytes).
    Removing cmsis_os.o(i.osThreadResume), (44 bytes).
    Removing cmsis_os.o(i.osThreadResumeAll), (18 bytes).
    Removing cmsis_os.o(i.osThreadSetPriority), (22 bytes).
    Removing cmsis_os.o(i.osThreadSuspend), (10 bytes).
    Removing cmsis_os.o(i.osThreadSuspendAll), (10 bytes).
    Removing cmsis_os.o(i.osThreadTerminate), (10 bytes).
    Removing cmsis_os.o(i.osThreadYield), (10 bytes).
    Removing cmsis_os.o(i.osTimerCreate), (4 bytes).
    Removing cmsis_os.o(i.osTimerDelete), (4 bytes).
    Removing cmsis_os.o(i.osTimerStart), (4 bytes).
    Removing cmsis_os.o(i.osTimerStop), (4 bytes).
    Removing heap_4.o(i.vPortInitialiseBlocks), (2 bytes).
    Removing heap_4.o(i.xPortGetFreeHeapSize), (12 bytes).
    Removing heap_4.o(i.xPortGetMinimumEverFreeHeapSize), (12 bytes).
    Removing port.o(i.vPortEndScheduler), (24 bytes).
    Removing dadd.o(.text), (360 bytes).
    Removing dmul.o(.text), (208 bytes).
    Removing ddiv.o(.text), (240 bytes).
    Removing dfixul.o(.text), (64 bytes).
    Removing cdrcmple.o(.text), (40 bytes).
    Removing depilogue.o(.text), (190 bytes).
    Removing depilogue.o(i.__ARM_clz), (46 bytes).

673 unused section(s) (total 47724 bytes) removed from the image.

==============================================================================

Image Symbol Table

    Local Symbols

    Symbol Name                              Value     Ov Type        Size  Object(Section)

    ../Core/Src/adc.c                        0x00000000   Number         0  adc.o ABSOLUTE
    ../Core/Src/freertos.c                   0x00000000   Number         0  freertos.o ABSOLUTE
    ../Core/Src/gpio.c                       0x00000000   Number         0  gpio.o ABSOLUTE
    ../Core/Src/i2c.c                        0x00000000   Number         0  i2c.o ABSOLUTE
    ../Core/Src/main.c                       0x00000000   Number         0  main.o ABSOLUTE
    ../Core/Src/stm32l0xx_hal_msp.c          0x00000000   Number         0  stm32l0xx_hal_msp.o ABSOLUTE
    ../Core/Src/stm32l0xx_hal_timebase_tim.c 0x00000000   Number         0  stm32l0xx_hal_timebase_tim.o ABSOLUTE
    ../Core/Src/stm32l0xx_it.c               0x00000000   Number         0  stm32l0xx_it.o ABSOLUTE
    ../Core/Src/system_stm32l0xx.c           0x00000000   Number         0  system_stm32l0xx.o ABSOLUTE
    ../Core/Src/usart.c                      0x00000000   Number         0  usart.o ABSOLUTE
    ../Drivers/STM32L0xx_HAL_Driver/Src/stm32l0xx_hal.c 0x00000000   Number         0  stm32l0xx_hal.o ABSOLUTE
    ../Drivers/STM32L0xx_HAL_Driver/Src/stm32l0xx_hal_adc.c 0x00000000   Number         0  stm32l0xx_hal_adc.o ABSOLUTE
    ../Drivers/STM32L0xx_HAL_Driver/Src/stm32l0xx_hal_adc_ex.c 0x00000000   Number         0  stm32l0xx_hal_adc_ex.o ABSOLUTE
    ../Drivers/STM32L0xx_HAL_Driver/Src/stm32l0xx_hal_cortex.c 0x00000000   Number         0  stm32l0xx_hal_cortex.o ABSOLUTE
    ../Drivers/STM32L0xx_HAL_Driver/Src/stm32l0xx_hal_dma.c 0x00000000   Number         0  stm32l0xx_hal_dma.o ABSOLUTE
    ../Drivers/STM32L0xx_HAL_Driver/Src/stm32l0xx_hal_exti.c 0x00000000   Number         0  stm32l0xx_hal_exti.o ABSOLUTE
    ../Drivers/STM32L0xx_HAL_Driver/Src/stm32l0xx_hal_flash.c 0x00000000   Number         0  stm32l0xx_hal_flash.o ABSOLUTE
    ../Drivers/STM32L0xx_HAL_Driver/Src/stm32l0xx_hal_flash_ex.c 0x00000000   Number         0  stm32l0xx_hal_flash_ex.o ABSOLUTE
    ../Drivers/STM32L0xx_HAL_Driver/Src/stm32l0xx_hal_flash_ramfunc.c 0x00000000   Number         0  stm32l0xx_hal_flash_ramfunc.o ABSOLUTE
    ../Drivers/STM32L0xx_HAL_Driver/Src/stm32l0xx_hal_gpio.c 0x00000000   Number         0  stm32l0xx_hal_gpio.o ABSOLUTE
    ../Drivers/STM32L0xx_HAL_Driver/Src/stm32l0xx_hal_i2c.c 0x00000000   Number         0  stm32l0xx_hal_i2c.o ABSOLUTE
    ../Drivers/STM32L0xx_HAL_Driver/Src/stm32l0xx_hal_i2c_ex.c 0x00000000   Number         0  stm32l0xx_hal_i2c_ex.o ABSOLUTE
    ../Drivers/STM32L0xx_HAL_Driver/Src/stm32l0xx_hal_pwr.c 0x00000000   Number         0  stm32l0xx_hal_pwr.o ABSOLUTE
    ../Drivers/STM32L0xx_HAL_Driver/Src/stm32l0xx_hal_pwr_ex.c 0x00000000   Number         0  stm32l0xx_hal_pwr_ex.o ABSOLUTE
    ../Drivers/STM32L0xx_HAL_Driver/Src/stm32l0xx_hal_rcc.c 0x00000000   Number         0  stm32l0xx_hal_rcc.o ABSOLUTE
    ../Drivers/STM32L0xx_HAL_Driver/Src/stm32l0xx_hal_rcc_ex.c 0x00000000   Number         0  stm32l0xx_hal_rcc_ex.o ABSOLUTE
    ../Drivers/STM32L0xx_HAL_Driver/Src/stm32l0xx_hal_tim.c 0x00000000   Number         0  stm32l0xx_hal_tim.o ABSOLUTE
    ../Drivers/STM32L0xx_HAL_Driver/Src/stm32l0xx_hal_tim_ex.c 0x00000000   Number         0  stm32l0xx_hal_tim_ex.o ABSOLUTE
    ../Drivers/STM32L0xx_HAL_Driver/Src/stm32l0xx_hal_uart.c 0x00000000   Number         0  stm32l0xx_hal_uart.o ABSOLUTE
    ../Drivers/STM32L0xx_HAL_Driver/Src/stm32l0xx_hal_uart_ex.c 0x00000000   Number         0  stm32l0xx_hal_uart_ex.o ABSOLUTE
    ../Middlewares/Third_Party/FreeRTOS/Source/CMSIS_RTOS/cmsis_os.c 0x00000000   Number         0  cmsis_os.o ABSOLUTE
    ../Middlewares/Third_Party/FreeRTOS/Source/croutine.c 0x00000000   Number         0  croutine.o ABSOLUTE
    ../Middlewares/Third_Party/FreeRTOS/Source/event_groups.c 0x00000000   Number         0  event_groups.o ABSOLUTE
    ../Middlewares/Third_Party/FreeRTOS/Source/list.c 0x00000000   Number         0  list.o ABSOLUTE
    ../Middlewares/Third_Party/FreeRTOS/Source/portable/MemMang/heap_4.c 0x00000000   Number         0  heap_4.o ABSOLUTE
    ../Middlewares/Third_Party/FreeRTOS/Source/portable/RVDS/ARM_CM0/port.c 0x00000000   Number         0  port.o ABSOLUTE
    ../Middlewares/Third_Party/FreeRTOS/Source/queue.c 0x00000000   Number         0  queue.o ABSOLUTE
    ../Middlewares/Third_Party/FreeRTOS/Source/stream_buffer.c 0x00000000   Number         0  stream_buffer.o ABSOLUTE
    ../Middlewares/Third_Party/FreeRTOS/Source/tasks.c 0x00000000   Number         0  tasks.o ABSOLUTE
    ../Middlewares/Third_Party/FreeRTOS/Source/timers.c 0x00000000   Number         0  timers.o ABSOLUTE
    ../clib/microlib/division.c              0x00000000   Number         0  uidiv.o ABSOLUTE
    ../clib/microlib/division.c              0x00000000   Number         0  uldiv.o ABSOLUTE
    ../clib/microlib/init/entry.s            0x00000000   Number         0  entry2.o ABSOLUTE
    ../clib/microlib/init/entry.s            0x00000000   Number         0  entry12b.o ABSOLUTE
    ../clib/microlib/init/entry.s            0x00000000   Number         0  entry7a.o ABSOLUTE
    ../clib/microlib/init/entry.s            0x00000000   Number         0  entry.o ABSOLUTE
    ../clib/microlib/init/entry.s            0x00000000   Number         0  entry12a.o ABSOLUTE
    ../clib/microlib/init/entry.s            0x00000000   Number         0  entry11b.o ABSOLUTE
    ../clib/microlib/init/entry.s            0x00000000   Number         0  entry11a.o ABSOLUTE
    ../clib/microlib/init/entry.s            0x00000000   Number         0  entry10b.o ABSOLUTE
    ../clib/microlib/init/entry.s            0x00000000   Number         0  entry10a.o ABSOLUTE
    ../clib/microlib/init/entry.s            0x00000000   Number         0  entry9b.o ABSOLUTE
    ../clib/microlib/init/entry.s            0x00000000   Number         0  entry9a.o ABSOLUTE
    ../clib/microlib/init/entry.s            0x00000000   Number         0  entry8b.o ABSOLUTE
    ../clib/microlib/init/entry.s            0x00000000   Number         0  entry8a.o ABSOLUTE
    ../clib/microlib/init/entry.s            0x00000000   Number         0  entry7b.o ABSOLUTE
    ../clib/microlib/init/entry.s            0x00000000   Number         0  entry5.o ABSOLUTE
    ../clib/microlib/longlong.c              0x00000000   Number         0  llsshr.o ABSOLUTE
    ../clib/microlib/longlong.c              0x00000000   Number         0  llushr.o ABSOLUTE
    ../clib/microlib/longlong.c              0x00000000   Number         0  llshl.o ABSOLUTE
    ../clib/microlib/printf/printf.c         0x00000000   Number         0  printfa.o ABSOLUTE
    ../clib/microlib/printf/printf.c         0x00000000   Number         0  printf8.o ABSOLUTE
    ../clib/microlib/printf/printf.c         0x00000000   Number         0  printf1.o ABSOLUTE
    ../clib/microlib/printf/printf.c         0x00000000   Number         0  printf5.o ABSOLUTE
    ../clib/microlib/printf/printf.c         0x00000000   Number         0  printf0.o ABSOLUTE
    ../clib/microlib/printf/printf.c         0x00000000   Number         0  printf6.o ABSOLUTE
    ../clib/microlib/printf/printf.c         0x00000000   Number         0  printf7.o ABSOLUTE
    ../clib/microlib/printf/printf.c         0x00000000   Number         0  printf3.o ABSOLUTE
    ../clib/microlib/printf/printf.c         0x00000000   Number         0  printf4.o ABSOLUTE
    ../clib/microlib/printf/printf.c         0x00000000   Number         0  printfb.o ABSOLUTE
    ../clib/microlib/printf/printf.c         0x00000000   Number         0  printf2.o ABSOLUTE
    ../clib/microlib/stdio/streams.c         0x00000000   Number         0  stdout.o ABSOLUTE
    ../clib/microlib/string/memcpy.c         0x00000000   Number         0  memcpyb.o ABSOLUTE
    ../clib/microlib/string/memcpy.c         0x00000000   Number         0  memcpya.o ABSOLUTE
    ../clib/microlib/string/memset.c         0x00000000   Number         0  memset.o ABSOLUTE
    ../clib/microlib/string/memset.c         0x00000000   Number         0  memseta.o ABSOLUTE
    ../clib/microlib/stubs.s                 0x00000000   Number         0  iusefp.o ABSOLUTE
    ../fplib/microlib/fpadd.c                0x00000000   Number         0  dadd.o ABSOLUTE
    ../fplib/microlib/fpdiv.c                0x00000000   Number         0  ddiv.o ABSOLUTE
    ../fplib/microlib/fpepilogue.c           0x00000000   Number         0  depilogue.o ABSOLUTE
    ../fplib/microlib/fpfix.c                0x00000000   Number         0  dfixul.o ABSOLUTE
    ../fplib/microlib/fpmul.c                0x00000000   Number         0  dmul.o ABSOLUTE
    ..\Core\Src\adc.c                        0x00000000   Number         0  adc.o ABSOLUTE
    ..\Core\Src\freertos.c                   0x00000000   Number         0  freertos.o ABSOLUTE
    ..\Core\Src\gpio.c                       0x00000000   Number         0  gpio.o ABSOLUTE
    ..\Core\Src\i2c.c                        0x00000000   Number         0  i2c.o ABSOLUTE
    ..\Core\Src\main.c                       0x00000000   Number         0  main.o ABSOLUTE
    ..\Core\Src\stm32l0xx_hal_msp.c          0x00000000   Number         0  stm32l0xx_hal_msp.o ABSOLUTE
    ..\Core\Src\stm32l0xx_hal_timebase_tim.c 0x00000000   Number         0  stm32l0xx_hal_timebase_tim.o ABSOLUTE
    ..\Core\Src\stm32l0xx_it.c               0x00000000   Number         0  stm32l0xx_it.o ABSOLUTE
    ..\Core\Src\system_stm32l0xx.c           0x00000000   Number         0  system_stm32l0xx.o ABSOLUTE
    ..\Core\Src\usart.c                      0x00000000   Number         0  usart.o ABSOLUTE
    ..\Drivers\STM32L0xx_HAL_Driver\Src\stm32l0xx_hal.c 0x00000000   Number         0  stm32l0xx_hal.o ABSOLUTE
    ..\Drivers\STM32L0xx_HAL_Driver\Src\stm32l0xx_hal_adc.c 0x00000000   Number         0  stm32l0xx_hal_adc.o ABSOLUTE
    ..\Drivers\STM32L0xx_HAL_Driver\Src\stm32l0xx_hal_adc_ex.c 0x00000000   Number         0  stm32l0xx_hal_adc_ex.o ABSOLUTE
    ..\Drivers\STM32L0xx_HAL_Driver\Src\stm32l0xx_hal_cortex.c 0x00000000   Number         0  stm32l0xx_hal_cortex.o ABSOLUTE
    ..\Drivers\STM32L0xx_HAL_Driver\Src\stm32l0xx_hal_dma.c 0x00000000   Number         0  stm32l0xx_hal_dma.o ABSOLUTE
    ..\Drivers\STM32L0xx_HAL_Driver\Src\stm32l0xx_hal_exti.c 0x00000000   Number         0  stm32l0xx_hal_exti.o ABSOLUTE
    ..\Drivers\STM32L0xx_HAL_Driver\Src\stm32l0xx_hal_flash.c 0x00000000   Number         0  stm32l0xx_hal_flash.o ABSOLUTE
    ..\Drivers\STM32L0xx_HAL_Driver\Src\stm32l0xx_hal_flash_ex.c 0x00000000   Number         0  stm32l0xx_hal_flash_ex.o ABSOLUTE
    ..\Drivers\STM32L0xx_HAL_Driver\Src\stm32l0xx_hal_flash_ramfunc.c 0x00000000   Number         0  stm32l0xx_hal_flash_ramfunc.o ABSOLUTE
    ..\Drivers\STM32L0xx_HAL_Driver\Src\stm32l0xx_hal_gpio.c 0x00000000   Number         0  stm32l0xx_hal_gpio.o ABSOLUTE
    ..\Drivers\STM32L0xx_HAL_Driver\Src\stm32l0xx_hal_i2c.c 0x00000000   Number         0  stm32l0xx_hal_i2c.o ABSOLUTE
    ..\Drivers\STM32L0xx_HAL_Driver\Src\stm32l0xx_hal_i2c_ex.c 0x00000000   Number         0  stm32l0xx_hal_i2c_ex.o ABSOLUTE
    ..\Drivers\STM32L0xx_HAL_Driver\Src\stm32l0xx_hal_pwr.c 0x00000000   Number         0  stm32l0xx_hal_pwr.o ABSOLUTE
    ..\Drivers\STM32L0xx_HAL_Driver\Src\stm32l0xx_hal_pwr_ex.c 0x00000000   Number         0  stm32l0xx_hal_pwr_ex.o ABSOLUTE
    ..\Drivers\STM32L0xx_HAL_Driver\Src\stm32l0xx_hal_rcc.c 0x00000000   Number         0  stm32l0xx_hal_rcc.o ABSOLUTE
    ..\Drivers\STM32L0xx_HAL_Driver\Src\stm32l0xx_hal_rcc_ex.c 0x00000000   Number         0  stm32l0xx_hal_rcc_ex.o ABSOLUTE
    ..\Drivers\STM32L0xx_HAL_Driver\Src\stm32l0xx_hal_tim.c 0x00000000   Number         0  stm32l0xx_hal_tim.o ABSOLUTE
    ..\Drivers\STM32L0xx_HAL_Driver\Src\stm32l0xx_hal_tim_ex.c 0x00000000   Number         0  stm32l0xx_hal_tim_ex.o ABSOLUTE
    ..\Drivers\STM32L0xx_HAL_Driver\Src\stm32l0xx_hal_uart.c 0x00000000   Number         0  stm32l0xx_hal_uart.o ABSOLUTE
    ..\Drivers\STM32L0xx_HAL_Driver\Src\stm32l0xx_hal_uart_ex.c 0x00000000   Number         0  stm32l0xx_hal_uart_ex.o ABSOLUTE
    ..\Middlewares\Oled\oled.c               0x00000000   Number         0  oled.o ABSOLUTE
    ..\Middlewares\Third_Party\FreeRTOS\Source\CMSIS_RTOS\cmsis_os.c 0x00000000   Number         0  cmsis_os.o ABSOLUTE
    ..\Middlewares\Third_Party\FreeRTOS\Source\portable\RVDS\ARM_CM0\port.c 0x00000000   Number         0  port.o ABSOLUTE
    ..\\Middlewares\\Oled\\oled.c            0x00000000   Number         0  oled.o ABSOLUTE
    cdrcmple.s                               0x00000000   Number         0  cdrcmple.o ABSOLUTE
    dc.s                                     0x00000000   Number         0  dc.o ABSOLUTE
    handlers.s                               0x00000000   Number         0  handlers.o ABSOLUTE
    init.s                                   0x00000000   Number         0  init.o ABSOLUTE
    startup_stm32l051xx.s                    0x00000000   Number         0  startup_stm32l051xx.o ABSOLUTE
    RESET                                    0x08000000   Section      192  startup_stm32l051xx.o(RESET)
    .ARM.Collect$$$$00000000                 0x080000c0   Section        0  entry.o(.ARM.Collect$$$$00000000)
    .ARM.Collect$$$$00000001                 0x080000c0   Section        4  entry2.o(.ARM.Collect$$$$00000001)
    .ARM.Collect$$$$00000004                 0x080000c4   Section        4  entry5.o(.ARM.Collect$$$$00000004)
    .ARM.Collect$$$$00000008                 0x080000c8   Section        0  entry7b.o(.ARM.Collect$$$$00000008)
    .ARM.Collect$$$$0000000A                 0x080000c8   Section        0  entry8b.o(.ARM.Collect$$$$0000000A)
    .ARM.Collect$$$$0000000B                 0x080000c8   Section        8  entry9a.o(.ARM.Collect$$$$0000000B)
    .ARM.Collect$$$$0000000E                 0x080000d0   Section        4  entry12b.o(.ARM.Collect$$$$0000000E)
    .ARM.Collect$$$$0000000F                 0x080000d4   Section        0  entry10a.o(.ARM.Collect$$$$0000000F)
    .ARM.Collect$$$$00000011                 0x080000d4   Section        0  entry11a.o(.ARM.Collect$$$$00000011)
    .ARM.Collect$$$$00002712                 0x080000d4   Section        4  entry2.o(.ARM.Collect$$$$00002712)
    __lit__00000000                          0x080000d4   Data           4  entry2.o(.ARM.Collect$$$$00002712)
    .emb_text                                0x080000d8   Section      120  port.o(.emb_text)
    .text                                    0x08000150   Section       28  startup_stm32l051xx.o(.text)
    .text                                    0x0800016c   Section        0  uidiv.o(.text)
    .text                                    0x08000198   Section        0  uldiv.o(.text)
    .text                                    0x080001f8   Section        0  memcpya.o(.text)
    .text                                    0x0800021c   Section        0  memseta.o(.text)
    .text                                    0x08000240   Section        0  llshl.o(.text)
    .text                                    0x08000260   Section        0  llushr.o(.text)
    .text                                    0x08000284   Section       36  init.o(.text)
    i.ADC_DelayMicroSecond                   0x080002a8   Section        0  stm32l0xx_hal_adc.o(i.ADC_DelayMicroSecond)
    ADC_DelayMicroSecond                     0x080002a9   Thumb Code    28  stm32l0xx_hal_adc.o(i.ADC_DelayMicroSecond)
    i.Error_Handler                          0x080002cc   Section        0  main.o(i.Error_Handler)
    i.HAL_ADC_ConfigChannel                  0x080002d0   Section        0  stm32l0xx_hal_adc.o(i.HAL_ADC_ConfigChannel)
    i.HAL_ADC_Init                           0x08000364   Section        0  stm32l0xx_hal_adc.o(i.HAL_ADC_Init)
    i.HAL_ADC_MspInit                        0x0800052c   Section        0  adc.o(i.HAL_ADC_MspInit)
    i.HAL_GPIO_Init                          0x0800057c   Section        0  stm32l0xx_hal_gpio.o(i.HAL_GPIO_Init)
    i.HAL_GPIO_WritePin                      0x0800072c   Section        0  stm32l0xx_hal_gpio.o(i.HAL_GPIO_WritePin)
    i.HAL_GetTick                            0x08000738   Section        0  stm32l0xx_hal.o(i.HAL_GetTick)
    i.HAL_I2CEx_ConfigAnalogFilter           0x08000744   Section        0  stm32l0xx_hal_i2c_ex.o(i.HAL_I2CEx_ConfigAnalogFilter)
    i.HAL_I2CEx_ConfigDigitalFilter          0x0800078e   Section        0  stm32l0xx_hal_i2c_ex.o(i.HAL_I2CEx_ConfigDigitalFilter)
    i.HAL_I2C_Init                           0x080007d8   Section        0  stm32l0xx_hal_i2c.o(i.HAL_I2C_Init)
    i.HAL_I2C_MspInit                        0x0800088c   Section        0  i2c.o(i.HAL_I2C_MspInit)
    i.HAL_IncTick                            0x080008e8   Section        0  stm32l0xx_hal.o(i.HAL_IncTick)
    i.HAL_Init                               0x080008f8   Section        0  stm32l0xx_hal.o(i.HAL_Init)
    i.HAL_InitTick                           0x08000920   Section        0  stm32l0xx_hal_timebase_tim.o(i.HAL_InitTick)
    i.HAL_MspInit                            0x080009b0   Section        0  stm32l0xx_hal_msp.o(i.HAL_MspInit)
    i.HAL_NVIC_EnableIRQ                     0x080009d4   Section        0  stm32l0xx_hal_cortex.o(i.HAL_NVIC_EnableIRQ)
    i.HAL_NVIC_SetPriority                   0x080009ec   Section        0  stm32l0xx_hal_cortex.o(i.HAL_NVIC_SetPriority)
    i.HAL_RCCEx_PeriphCLKConfig              0x080009f4   Section        0  stm32l0xx_hal_rcc_ex.o(i.HAL_RCCEx_PeriphCLKConfig)
    i.HAL_RCC_ClockConfig                    0x08000b58   Section        0  stm32l0xx_hal_rcc.o(i.HAL_RCC_ClockConfig)
    i.HAL_RCC_GetClockConfig                 0x08000cf4   Section        0  stm32l0xx_hal_rcc.o(i.HAL_RCC_GetClockConfig)
    i.HAL_RCC_GetPCLK1Freq                   0x08000d34   Section        0  stm32l0xx_hal_rcc.o(i.HAL_RCC_GetPCLK1Freq)
    i.HAL_RCC_GetPCLK2Freq                   0x08000d54   Section        0  stm32l0xx_hal_rcc.o(i.HAL_RCC_GetPCLK2Freq)
    i.HAL_RCC_GetSysClockFreq                0x08000d74   Section        0  stm32l0xx_hal_rcc.o(i.HAL_RCC_GetSysClockFreq)
    i.HAL_RCC_OscConfig                      0x08000df0   Section        0  stm32l0xx_hal_rcc.o(i.HAL_RCC_OscConfig)
    i.HAL_TIM_Base_Init                      0x08001216   Section        0  stm32l0xx_hal_tim.o(i.HAL_TIM_Base_Init)
    i.HAL_TIM_Base_MspInit                   0x08001254   Section        0  stm32l0xx_hal_tim.o(i.HAL_TIM_Base_MspInit)
    i.HAL_TIM_Base_Start_IT                  0x08001258   Section        0  stm32l0xx_hal_tim.o(i.HAL_TIM_Base_Start_IT)
    i.HAL_TIM_IC_CaptureCallback             0x080012a4   Section        0  stm32l0xx_hal_tim.o(i.HAL_TIM_IC_CaptureCallback)
    i.HAL_TIM_IRQHandler                     0x080012a6   Section        0  stm32l0xx_hal_tim.o(i.HAL_TIM_IRQHandler)
    i.HAL_TIM_OC_DelayElapsedCallback        0x080013cc   Section        0  stm32l0xx_hal_tim.o(i.HAL_TIM_OC_DelayElapsedCallback)
    i.HAL_TIM_PWM_PulseFinishedCallback      0x080013ce   Section        0  stm32l0xx_hal_tim.o(i.HAL_TIM_PWM_PulseFinishedCallback)
    i.HAL_TIM_PeriodElapsedCallback          0x080013d0   Section        0  main.o(i.HAL_TIM_PeriodElapsedCallback)
    i.HAL_TIM_TriggerCallback                0x080013e4   Section        0  stm32l0xx_hal_tim.o(i.HAL_TIM_TriggerCallback)
    i.HAL_UART_Init                          0x080013e6   Section        0  stm32l0xx_hal_uart.o(i.HAL_UART_Init)
    i.HAL_UART_MspInit                       0x08001450   Section        0  usart.o(i.HAL_UART_MspInit)
    i.HardFault_Handler                      0x080014ac   Section        0  stm32l0xx_it.o(i.HardFault_Handler)
    i.MX_ADC_Init                            0x080014b0   Section        0  adc.o(i.MX_ADC_Init)
    i.MX_FREERTOS_Init                       0x0800151c   Section        0  freertos.o(i.MX_FREERTOS_Init)
    i.MX_GPIO_Init                           0x08001544   Section        0  gpio.o(i.MX_GPIO_Init)
    i.MX_I2C1_Init                           0x080015ec   Section        0  i2c.o(i.MX_I2C1_Init)
    i.MX_USART1_UART_Init                    0x08001644   Section        0  usart.o(i.MX_USART1_UART_Init)
    i.NMI_Handler                            0x0800167c   Section        0  stm32l0xx_it.o(i.NMI_Handler)
    i.Oled_ShowTask                          0x08001680   Section        0  freertos.o(i.Oled_ShowTask)
    i.SVC_Handler                            0x080016a4   Section        0  port.o(i.SVC_Handler)
    i.SysTick_Handler                        0x080016a8   Section        0  port.o(i.SysTick_Handler)
    i.SystemClock_Config                     0x080016cc   Section        0  main.o(i.SystemClock_Config)
    i.SystemInit                             0x0800175c   Section        0  system_stm32l0xx.o(i.SystemInit)
    i.TIM22_IRQHandler                       0x08001760   Section        0  stm32l0xx_it.o(i.TIM22_IRQHandler)
    i.TIM_Base_SetConfig                     0x08001770   Section        0  stm32l0xx_hal_tim.o(i.TIM_Base_SetConfig)
    TIM_Base_SetConfig                       0x08001771   Thumb Code    78  stm32l0xx_hal_tim.o(i.TIM_Base_SetConfig)
    i.UART_AdvFeatureConfig                  0x080017c8   Section        0  stm32l0xx_hal_uart.o(i.UART_AdvFeatureConfig)
    i.UART_CheckIdleState                    0x08001894   Section        0  stm32l0xx_hal_uart.o(i.UART_CheckIdleState)
    i.UART_SetConfig                         0x080018f8   Section        0  stm32l0xx_hal_uart.o(i.UART_SetConfig)
    i.UART_WaitOnFlagUntilTimeout            0x08001af8   Section        0  stm32l0xx_hal_uart.o(i.UART_WaitOnFlagUntilTimeout)
    i.__0printf$bare                         0x08001bcc   Section        0  printfb.o(i.__0printf$bare)
    i.__ARM_common_ll_muluu                  0x08001be0   Section        0  stm32l0xx_hal_rcc.o(i.__ARM_common_ll_muluu)
    i.__ARM_common_switch8                   0x08001c10   Section        0  stm32l0xx_hal_dma.o(i.__ARM_common_switch8)
    i.__NVIC_SetPriority                     0x08001c2c   Section        0  stm32l0xx_hal_cortex.o(i.__NVIC_SetPriority)
    __NVIC_SetPriority                       0x08001c2d   Thumb Code    60  stm32l0xx_hal_cortex.o(i.__NVIC_SetPriority)
    i.__scatterload_copy                     0x08001c70   Section       14  handlers.o(i.__scatterload_copy)
    i.__scatterload_null                     0x08001c7e   Section        2  handlers.o(i.__scatterload_null)
    i.__scatterload_zeroinit                 0x08001c80   Section       14  handlers.o(i.__scatterload_zeroinit)
    i._printf_core                           0x08001c8e   Section        0  printfb.o(i._printf_core)
    _printf_core                             0x08001c8f   Thumb Code    30  printfb.o(i._printf_core)
    i.fputc                                  0x08001cac   Section        0  usart.o(i.fputc)
    i.main                                   0x08001cc0   Section        0  main.o(i.main)
    i.makeFreeRtosPriority                   0x08001ce2   Section        0  cmsis_os.o(i.makeFreeRtosPriority)
    makeFreeRtosPriority                     0x08001ce3   Thumb Code    12  cmsis_os.o(i.makeFreeRtosPriority)
    i.osDelay                                0x08001cee   Section        0  cmsis_os.o(i.osDelay)
    i.osKernelStart                          0x08001cfe   Section        0  cmsis_os.o(i.osKernelStart)
    i.osThreadCreate                         0x08001d08   Section        0  cmsis_os.o(i.osThreadCreate)
    i.prvAddCurrentTaskToDelayedList         0x08001d60   Section        0  tasks.o(i.prvAddCurrentTaskToDelayedList)
    prvAddCurrentTaskToDelayedList           0x08001d61   Thumb Code    78  tasks.o(i.prvAddCurrentTaskToDelayedList)
    i.prvAddNewTaskToReadyList               0x08001db8   Section        0  tasks.o(i.prvAddNewTaskToReadyList)
    prvAddNewTaskToReadyList                 0x08001db9   Thumb Code   176  tasks.o(i.prvAddNewTaskToReadyList)
    i.prvDeleteTCB                           0x08001e70   Section        0  tasks.o(i.prvDeleteTCB)
    prvDeleteTCB                             0x08001e71   Thumb Code    38  tasks.o(i.prvDeleteTCB)
    i.prvHeapInit                            0x08001e98   Section        0  heap_4.o(i.prvHeapInit)
    prvHeapInit                              0x08001e99   Thumb Code    60  heap_4.o(i.prvHeapInit)
    i.prvIdleTask                            0x08001edc   Section        0  tasks.o(i.prvIdleTask)
    prvIdleTask                              0x08001edd   Thumb Code    64  tasks.o(i.prvIdleTask)
    i.prvInitialiseNewTask                   0x08001f24   Section        0  tasks.o(i.prvInitialiseNewTask)
    prvInitialiseNewTask                     0x08001f25   Thumb Code   138  tasks.o(i.prvInitialiseNewTask)
    i.prvInsertBlockIntoFreeList             0x08001fb0   Section        0  heap_4.o(i.prvInsertBlockIntoFreeList)
    prvInsertBlockIntoFreeList               0x08001fb1   Thumb Code    72  heap_4.o(i.prvInsertBlockIntoFreeList)
    i.prvResetNextTaskUnblockTime            0x08001ffc   Section        0  tasks.o(i.prvResetNextTaskUnblockTime)
    prvResetNextTaskUnblockTime              0x08001ffd   Thumb Code    28  tasks.o(i.prvResetNextTaskUnblockTime)
    i.prvTaskExitError                       0x0800201c   Section        0  port.o(i.prvTaskExitError)
    prvTaskExitError                         0x0800201d   Thumb Code    14  port.o(i.prvTaskExitError)
    i.pvPortMalloc                           0x08002030   Section        0  heap_4.o(i.pvPortMalloc)
    i.pxPortInitialiseStack                  0x080020e0   Section        0  port.o(i.pxPortInitialiseStack)
    i.uxListRemove                           0x08002100   Section        0  list.o(i.uxListRemove)
    i.vApplicationGetIdleTaskMemory          0x08002128   Section        0  freertos.o(i.vApplicationGetIdleTaskMemory)
    i.vListInitialise                        0x0800213c   Section        0  list.o(i.vListInitialise)
    i.vListInitialiseItem                    0x08002152   Section        0  list.o(i.vListInitialiseItem)
    i.vListInsert                            0x08002158   Section        0  list.o(i.vListInsert)
    i.vListInsertEnd                         0x08002188   Section        0  list.o(i.vListInsertEnd)
    i.vPortEnterCritical                     0x080021a0   Section        0  port.o(i.vPortEnterCritical)
    i.vPortExitCritical                      0x080021b8   Section        0  port.o(i.vPortExitCritical)
    i.vPortFree                              0x080021d4   Section        0  heap_4.o(i.vPortFree)
    i.vPortYield                             0x08002218   Section        0  port.o(i.vPortYield)
    i.vTaskDelay                             0x08002230   Section        0  tasks.o(i.vTaskDelay)
    i.vTaskStartScheduler                    0x08002260   Section        0  tasks.o(i.vTaskStartScheduler)
    i.vTaskSuspendAll                        0x080022b8   Section        0  tasks.o(i.vTaskSuspendAll)
    i.vTaskSwitchContext                     0x080022c8   Section        0  tasks.o(i.vTaskSwitchContext)
    i.xPortStartScheduler                    0x08002320   Section        0  port.o(i.xPortStartScheduler)
    i.xTaskCreate                            0x08002370   Section        0  tasks.o(i.xTaskCreate)
    i.xTaskCreateStatic                      0x080023c2   Section        0  tasks.o(i.xTaskCreateStatic)
    i.xTaskIncrementTick                     0x08002408   Section        0  tasks.o(i.xTaskIncrementTick)
    i.xTaskResumeAll                         0x080024c4   Section        0  tasks.o(i.xTaskResumeAll)
    .constdata                               0x08002570   Section       28  freertos.o(.constdata)
    .constdata                               0x0800258c   Section       25  system_stm32l0xx.o(.constdata)
    .constdata                               0x080025a5   Section        8  system_stm32l0xx.o(.constdata)
    .conststring                             0x080025b0   Section        9  freertos.o(.conststring)
    .data                                    0x20000000   Section        4  freertos.o(.data)
    .data                                    0x20000004   Section       12  stm32l0xx_hal.o(.data)
    .data                                    0x20000010   Section        4  system_stm32l0xx.o(.data)
    .data                                    0x20000014   Section       60  tasks.o(.data)
    pxDelayedTaskList                        0x20000018   Data           4  tasks.o(.data)
    pxOverflowDelayedTaskList                0x2000001c   Data           4  tasks.o(.data)
    uxDeletedTasksWaitingCleanUp             0x20000020   Data           4  tasks.o(.data)
    uxCurrentNumberOfTasks                   0x20000024   Data           4  tasks.o(.data)
    xTickCount                               0x20000028   Data           4  tasks.o(.data)
    uxTopReadyPriority                       0x2000002c   Data           4  tasks.o(.data)
    xSchedulerRunning                        0x20000030   Data           4  tasks.o(.data)
    uxPendedTicks                            0x20000034   Data           4  tasks.o(.data)
    xYieldPending                            0x20000038   Data           4  tasks.o(.data)
    xNumOfOverflows                          0x2000003c   Data           4  tasks.o(.data)
    uxTaskNumber                             0x20000040   Data           4  tasks.o(.data)
    xNextTaskUnblockTime                     0x20000044   Data           4  tasks.o(.data)
    xIdleTaskHandle                          0x20000048   Data           4  tasks.o(.data)
    uxSchedulerSuspended                     0x2000004c   Data           4  tasks.o(.data)
    .data                                    0x20000050   Section       24  heap_4.o(.data)
    pxEnd                                    0x20000050   Data           4  heap_4.o(.data)
    xFreeBytesRemaining                      0x20000054   Data           4  heap_4.o(.data)
    xMinimumEverFreeBytesRemaining           0x20000058   Data           4  heap_4.o(.data)
    xBlockAllocatedBit                       0x2000005c   Data           4  heap_4.o(.data)
    xStart                                   0x20000060   Data           8  heap_4.o(.data)
    .data                                    0x20000068   Section        4  port.o(.data)
    uxCriticalNesting                        0x20000068   Data           4  port.o(.data)
    .data                                    0x2000006c   Section        4  stdout.o(.data)
    .bss                                     0x20000070   Section      596  freertos.o(.bss)
    xIdleTaskTCBBuffer                       0x20000070   Data          84  freertos.o(.bss)
    xIdleStack                               0x200000c4   Data         512  freertos.o(.bss)
    .bss                                     0x200002c4   Section       92  adc.o(.bss)
    .bss                                     0x20000320   Section       76  i2c.o(.bss)
    .bss                                     0x2000036c   Section      132  usart.o(.bss)
    .bss                                     0x200003f0   Section       64  stm32l0xx_hal_timebase_tim.o(.bss)
    .bss                                     0x20000430   Section      240  tasks.o(.bss)
    pxReadyTasksLists                        0x20000430   Data         140  tasks.o(.bss)
    xDelayedTaskList1                        0x200004bc   Data          20  tasks.o(.bss)
    xDelayedTaskList2                        0x200004d0   Data          20  tasks.o(.bss)
    xPendingReadyList                        0x200004e4   Data          20  tasks.o(.bss)
    xTasksWaitingTermination                 0x200004f8   Data          20  tasks.o(.bss)
    xSuspendedTaskList                       0x2000050c   Data          20  tasks.o(.bss)
    .bss                                     0x20000520   Section     3072  heap_4.o(.bss)
    ucHeap                                   0x20000520   Data        3072  heap_4.o(.bss)
    STACK                                    0x20001120   Section     1024  startup_stm32l051xx.o(STACK)

    Global Symbols

    Symbol Name                              Value     Ov Type        Size  Object(Section)

    BuildAttributes$$THM_ISAv3M$S$PE$A:L22$X:L11$S22$IEEE1$IW$USESV6$~STKCKD$USESV7$~SHL$OSPACE$ROPI$EBA8$MICROLIB$REQ8$PRES8$EABIv2 0x00000000   Number         0  anon$$obj.o ABSOLUTE
    __ARM_use_no_argv                        0x00000000   Number         0  main.o ABSOLUTE
    __arm_fini_                               - Undefined Weak Reference
    __cpp_initialize__aeabi_                  - Undefined Weak Reference
    __cxa_finalize                            - Undefined Weak Reference
    __decompress                              - Undefined Weak Reference
    _clock_init                               - Undefined Weak Reference
    _microlib_exit                            - Undefined Weak Reference
    __Vectors_Size                           0x000000c0   Number         0  startup_stm32l051xx.o ABSOLUTE
    __Vectors                                0x08000000   Data           4  startup_stm32l051xx.o(RESET)
    __Vectors_End                            0x080000c0   Data           0  startup_stm32l051xx.o(RESET)
    __main                                   0x080000c1   Thumb Code     0  entry.o(.ARM.Collect$$$$00000000)
    _main_stk                                0x080000c1   Thumb Code     0  entry2.o(.ARM.Collect$$$$00000001)
    _main_scatterload                        0x080000c5   Thumb Code     0  entry5.o(.ARM.Collect$$$$00000004)
    __main_after_scatterload                 0x080000c9   Thumb Code     0  entry5.o(.ARM.Collect$$$$00000004)
    _main_clock                              0x080000c9   Thumb Code     0  entry7b.o(.ARM.Collect$$$$00000008)
    _main_cpp_init                           0x080000c9   Thumb Code     0  entry8b.o(.ARM.Collect$$$$0000000A)
    _main_init                               0x080000c9   Thumb Code     0  entry9a.o(.ARM.Collect$$$$0000000B)
    __rt_lib_shutdown_fini                   0x080000d1   Thumb Code     0  entry12b.o(.ARM.Collect$$$$0000000E)
    __rt_final_cpp                           0x080000d5   Thumb Code     0  entry10a.o(.ARM.Collect$$$$0000000F)
    __rt_final_exit                          0x080000d5   Thumb Code     0  entry11a.o(.ARM.Collect$$$$00000011)
    __asm___6_port_c_39a90d8d__prvPortStartFirstTask 0x080000d9   Thumb Code    36  port.o(.emb_text)
    ulSetInterruptMaskFromISR                0x08000101   Thumb Code     8  port.o(.emb_text)
    vClearInterruptMaskFromISR               0x08000109   Thumb Code     6  port.o(.emb_text)
    PendSV_Handler                           0x0800010f   Thumb Code    62  port.o(.emb_text)
    Reset_Handler                            0x08000151   Thumb Code     8  startup_stm32l051xx.o(.text)
    ADC1_COMP_IRQHandler                     0x08000163   Thumb Code     0  startup_stm32l051xx.o(.text)
    DMA1_Channel1_IRQHandler                 0x08000163   Thumb Code     0  startup_stm32l051xx.o(.text)
    DMA1_Channel2_3_IRQHandler               0x08000163   Thumb Code     0  startup_stm32l051xx.o(.text)
    DMA1_Channel4_5_6_7_IRQHandler           0x08000163   Thumb Code     0  startup_stm32l051xx.o(.text)
    EXTI0_1_IRQHandler                       0x08000163   Thumb Code     0  startup_stm32l051xx.o(.text)
    EXTI2_3_IRQHandler                       0x08000163   Thumb Code     0  startup_stm32l051xx.o(.text)
    EXTI4_15_IRQHandler                      0x08000163   Thumb Code     0  startup_stm32l051xx.o(.text)
    FLASH_IRQHandler                         0x08000163   Thumb Code     0  startup_stm32l051xx.o(.text)
    I2C1_IRQHandler                          0x08000163   Thumb Code     0  startup_stm32l051xx.o(.text)
    I2C2_IRQHandler                          0x08000163   Thumb Code     0  startup_stm32l051xx.o(.text)
    LPTIM1_IRQHandler                        0x08000163   Thumb Code     0  startup_stm32l051xx.o(.text)
    LPUART1_IRQHandler                       0x08000163   Thumb Code     0  startup_stm32l051xx.o(.text)
    PVD_IRQHandler                           0x08000163   Thumb Code     0  startup_stm32l051xx.o(.text)
    RCC_IRQHandler                           0x08000163   Thumb Code     0  startup_stm32l051xx.o(.text)
    RTC_IRQHandler                           0x08000163   Thumb Code     0  startup_stm32l051xx.o(.text)
    SPI1_IRQHandler                          0x08000163   Thumb Code     0  startup_stm32l051xx.o(.text)
    SPI2_IRQHandler                          0x08000163   Thumb Code     0  startup_stm32l051xx.o(.text)
    TIM21_IRQHandler                         0x08000163   Thumb Code     0  startup_stm32l051xx.o(.text)
    TIM2_IRQHandler                          0x08000163   Thumb Code     0  startup_stm32l051xx.o(.text)
    TIM6_IRQHandler                          0x08000163   Thumb Code     0  startup_stm32l051xx.o(.text)
    USART1_IRQHandler                        0x08000163   Thumb Code     0  startup_stm32l051xx.o(.text)
    USART2_IRQHandler                        0x08000163   Thumb Code     0  startup_stm32l051xx.o(.text)
    WWDG_IRQHandler                          0x08000163   Thumb Code     0  startup_stm32l051xx.o(.text)
    __aeabi_uidiv                            0x0800016d   Thumb Code     0  uidiv.o(.text)
    __aeabi_uidivmod                         0x0800016d   Thumb Code    44  uidiv.o(.text)
    __aeabi_uldivmod                         0x08000199   Thumb Code    96  uldiv.o(.text)
    __aeabi_memcpy                           0x080001f9   Thumb Code    36  memcpya.o(.text)
    __aeabi_memcpy4                          0x080001f9   Thumb Code     0  memcpya.o(.text)
    __aeabi_memcpy8                          0x080001f9   Thumb Code     0  memcpya.o(.text)
    __aeabi_memset                           0x0800021d   Thumb Code    14  memseta.o(.text)
    __aeabi_memset4                          0x0800021d   Thumb Code     0  memseta.o(.text)
    __aeabi_memset8                          0x0800021d   Thumb Code     0  memseta.o(.text)
    __aeabi_memclr                           0x0800022b   Thumb Code     4  memseta.o(.text)
    __aeabi_memclr4                          0x0800022b   Thumb Code     0  memseta.o(.text)
    __aeabi_memclr8                          0x0800022b   Thumb Code     0  memseta.o(.text)
    memset                                   0x0800022f   Thumb Code    18  memseta.o(.text)
    __aeabi_llsl                             0x08000241   Thumb Code    32  llshl.o(.text)
    _ll_shift_l                              0x08000241   Thumb Code     0  llshl.o(.text)
    __aeabi_llsr                             0x08000261   Thumb Code    34  llushr.o(.text)
    _ll_ushift_r                             0x08000261   Thumb Code     0  llushr.o(.text)
    __scatterload                            0x08000285   Thumb Code    28  init.o(.text)
    __scatterload_rt2                        0x08000285   Thumb Code     0  init.o(.text)
    Error_Handler                            0x080002cd   Thumb Code     4  main.o(i.Error_Handler)
    HAL_ADC_ConfigChannel                    0x080002d1   Thumb Code   140  stm32l0xx_hal_adc.o(i.HAL_ADC_ConfigChannel)
    HAL_ADC_Init                             0x08000365   Thumb Code   446  stm32l0xx_hal_adc.o(i.HAL_ADC_Init)
    HAL_ADC_MspInit                          0x0800052d   Thumb Code    70  adc.o(i.HAL_ADC_MspInit)
    HAL_GPIO_Init                            0x0800057d   Thumb Code   402  stm32l0xx_hal_gpio.o(i.HAL_GPIO_Init)
    HAL_GPIO_WritePin                        0x0800072d   Thumb Code    12  stm32l0xx_hal_gpio.o(i.HAL_GPIO_WritePin)
    HAL_GetTick                              0x08000739   Thumb Code     6  stm32l0xx_hal.o(i.HAL_GetTick)
    HAL_I2CEx_ConfigAnalogFilter             0x08000745   Thumb Code    74  stm32l0xx_hal_i2c_ex.o(i.HAL_I2CEx_ConfigAnalogFilter)
    HAL_I2CEx_ConfigDigitalFilter            0x0800078f   Thumb Code    72  stm32l0xx_hal_i2c_ex.o(i.HAL_I2CEx_ConfigDigitalFilter)
    HAL_I2C_Init                             0x080007d9   Thumb Code   176  stm32l0xx_hal_i2c.o(i.HAL_I2C_Init)
    HAL_I2C_MspInit                          0x0800088d   Thumb Code    80  i2c.o(i.HAL_I2C_MspInit)
    HAL_IncTick                              0x080008e9   Thumb Code    12  stm32l0xx_hal.o(i.HAL_IncTick)
    HAL_Init                                 0x080008f9   Thumb Code    36  stm32l0xx_hal.o(i.HAL_Init)
    HAL_InitTick                             0x08000921   Thumb Code   120  stm32l0xx_hal_timebase_tim.o(i.HAL_InitTick)
    HAL_MspInit                              0x080009b1   Thumb Code    32  stm32l0xx_hal_msp.o(i.HAL_MspInit)
    HAL_NVIC_EnableIRQ                       0x080009d5   Thumb Code    18  stm32l0xx_hal_cortex.o(i.HAL_NVIC_EnableIRQ)
    HAL_NVIC_SetPriority                     0x080009ed   Thumb Code     8  stm32l0xx_hal_cortex.o(i.HAL_NVIC_SetPriority)
    HAL_RCCEx_PeriphCLKConfig                0x080009f5   Thumb Code   342  stm32l0xx_hal_rcc_ex.o(i.HAL_RCCEx_PeriphCLKConfig)
    HAL_RCC_ClockConfig                      0x08000b59   Thumb Code   386  stm32l0xx_hal_rcc.o(i.HAL_RCC_ClockConfig)
    HAL_RCC_GetClockConfig                   0x08000cf5   Thumb Code    54  stm32l0xx_hal_rcc.o(i.HAL_RCC_GetClockConfig)
    HAL_RCC_GetPCLK1Freq                     0x08000d35   Thumb Code    20  stm32l0xx_hal_rcc.o(i.HAL_RCC_GetPCLK1Freq)
    HAL_RCC_GetPCLK2Freq                     0x08000d55   Thumb Code    20  stm32l0xx_hal_rcc.o(i.HAL_RCC_GetPCLK2Freq)
    HAL_RCC_GetSysClockFreq                  0x08000d75   Thumb Code   108  stm32l0xx_hal_rcc.o(i.HAL_RCC_GetSysClockFreq)
    HAL_RCC_OscConfig                        0x08000df1   Thumb Code  1062  stm32l0xx_hal_rcc.o(i.HAL_RCC_OscConfig)
    HAL_TIM_Base_Init                        0x08001217   Thumb Code    62  stm32l0xx_hal_tim.o(i.HAL_TIM_Base_Init)
    HAL_TIM_Base_MspInit                     0x08001255   Thumb Code     2  stm32l0xx_hal_tim.o(i.HAL_TIM_Base_MspInit)
    HAL_TIM_Base_Start_IT                    0x08001259   Thumb Code    68  stm32l0xx_hal_tim.o(i.HAL_TIM_Base_Start_IT)
    HAL_TIM_IC_CaptureCallback               0x080012a5   Thumb Code     2  stm32l0xx_hal_tim.o(i.HAL_TIM_IC_CaptureCallback)
    HAL_TIM_IRQHandler                       0x080012a7   Thumb Code   294  stm32l0xx_hal_tim.o(i.HAL_TIM_IRQHandler)
    HAL_TIM_OC_DelayElapsedCallback          0x080013cd   Thumb Code     2  stm32l0xx_hal_tim.o(i.HAL_TIM_OC_DelayElapsedCallback)
    HAL_TIM_PWM_PulseFinishedCallback        0x080013cf   Thumb Code     2  stm32l0xx_hal_tim.o(i.HAL_TIM_PWM_PulseFinishedCallback)
    HAL_TIM_PeriodElapsedCallback            0x080013d1   Thumb Code    16  main.o(i.HAL_TIM_PeriodElapsedCallback)
    HAL_TIM_TriggerCallback                  0x080013e5   Thumb Code     2  stm32l0xx_hal_tim.o(i.HAL_TIM_TriggerCallback)
    HAL_UART_Init                            0x080013e7   Thumb Code   106  stm32l0xx_hal_uart.o(i.HAL_UART_Init)
    HAL_UART_MspInit                         0x08001451   Thumb Code    84  usart.o(i.HAL_UART_MspInit)
    HardFault_Handler                        0x080014ad   Thumb Code     2  stm32l0xx_it.o(i.HardFault_Handler)
    MX_ADC_Init                              0x080014b1   Thumb Code    98  adc.o(i.MX_ADC_Init)
    MX_FREERTOS_Init                         0x0800151d   Thumb Code    30  freertos.o(i.MX_FREERTOS_Init)
    MX_GPIO_Init                             0x08001545   Thumb Code   150  gpio.o(i.MX_GPIO_Init)
    MX_I2C1_Init                             0x080015ed   Thumb Code    76  i2c.o(i.MX_I2C1_Init)
    MX_USART1_UART_Init                      0x08001645   Thumb Code    48  usart.o(i.MX_USART1_UART_Init)
    NMI_Handler                              0x0800167d   Thumb Code     2  stm32l0xx_it.o(i.NMI_Handler)
    Oled_ShowTask                            0x08001681   Thumb Code    24  freertos.o(i.Oled_ShowTask)
    SVC_Handler                              0x080016a5   Thumb Code     2  port.o(i.SVC_Handler)
    SysTick_Handler                          0x080016a9   Thumb Code    32  port.o(i.SysTick_Handler)
    SystemClock_Config                       0x080016cd   Thumb Code   140  main.o(i.SystemClock_Config)
    SystemInit                               0x0800175d   Thumb Code     2  system_stm32l0xx.o(i.SystemInit)
    TIM22_IRQHandler                         0x08001761   Thumb Code    10  stm32l0xx_it.o(i.TIM22_IRQHandler)
    UART_AdvFeatureConfig                    0x080017c9   Thumb Code   202  stm32l0xx_hal_uart.o(i.UART_AdvFeatureConfig)
    UART_CheckIdleState                      0x08001895   Thumb Code    94  stm32l0xx_hal_uart.o(i.UART_CheckIdleState)
    UART_SetConfig                           0x080018f9   Thumb Code   480  stm32l0xx_hal_uart.o(i.UART_SetConfig)
    UART_WaitOnFlagUntilTimeout              0x08001af9   Thumb Code   212  stm32l0xx_hal_uart.o(i.UART_WaitOnFlagUntilTimeout)
    __0printf$bare                           0x08001bcd   Thumb Code    12  printfb.o(i.__0printf$bare)
    __1printf$bare                           0x08001bcd   Thumb Code     0  printfb.o(i.__0printf$bare)
    __2printf                                0x08001bcd   Thumb Code     0  printfb.o(i.__0printf$bare)
    __ARM_common_ll_muluu                    0x08001be1   Thumb Code    48  stm32l0xx_hal_rcc.o(i.__ARM_common_ll_muluu)
    __ARM_common_switch8                     0x08001c11   Thumb Code    26  stm32l0xx_hal_dma.o(i.__ARM_common_switch8)
    __scatterload_copy                       0x08001c71   Thumb Code    14  handlers.o(i.__scatterload_copy)
    __scatterload_null                       0x08001c7f   Thumb Code     2  handlers.o(i.__scatterload_null)
    __scatterload_zeroinit                   0x08001c81   Thumb Code    14  handlers.o(i.__scatterload_zeroinit)
    fputc                                    0x08001cad   Thumb Code    14  usart.o(i.fputc)
    main                                     0x08001cc1   Thumb Code    34  main.o(i.main)
    osDelay                                  0x08001cef   Thumb Code    16  cmsis_os.o(i.osDelay)
    osKernelStart                            0x08001cff   Thumb Code    10  cmsis_os.o(i.osKernelStart)
    osThreadCreate                           0x08001d09   Thumb Code    88  cmsis_os.o(i.osThreadCreate)
    pvPortMalloc                             0x08002031   Thumb Code   172  heap_4.o(i.pvPortMalloc)
    pxPortInitialiseStack                    0x080020e1   Thumb Code    28  port.o(i.pxPortInitialiseStack)
    uxListRemove                             0x08002101   Thumb Code    38  list.o(i.uxListRemove)
    vApplicationGetIdleTaskMemory            0x08002129   Thumb Code    16  freertos.o(i.vApplicationGetIdleTaskMemory)
    vListInitialise                          0x0800213d   Thumb Code    22  list.o(i.vListInitialise)
    vListInitialiseItem                      0x08002153   Thumb Code     6  list.o(i.vListInitialiseItem)
    vListInsert                              0x08002159   Thumb Code    48  list.o(i.vListInsert)
    vListInsertEnd                           0x08002189   Thumb Code    24  list.o(i.vListInsertEnd)
    vPortEnterCritical                       0x080021a1   Thumb Code    20  port.o(i.vPortEnterCritical)
    vPortExitCritical                        0x080021b9   Thumb Code    22  port.o(i.vPortExitCritical)
    vPortFree                                0x080021d5   Thumb Code    62  heap_4.o(i.vPortFree)
    vPortYield                               0x08002219   Thumb Code    18  port.o(i.vPortYield)
    vTaskDelay                               0x08002231   Thumb Code    44  tasks.o(i.vTaskDelay)
    vTaskStartScheduler                      0x08002261   Thumb Code    72  tasks.o(i.vTaskStartScheduler)
    vTaskSuspendAll                          0x080022b9   Thumb Code    10  tasks.o(i.vTaskSuspendAll)
    vTaskSwitchContext                       0x080022c9   Thumb Code    78  tasks.o(i.vTaskSwitchContext)
    xPortStartScheduler                      0x08002321   Thumb Code    62  port.o(i.xPortStartScheduler)
    xTaskCreate                              0x08002371   Thumb Code    82  tasks.o(i.xTaskCreate)
    xTaskCreateStatic                        0x080023c3   Thumb Code    68  tasks.o(i.xTaskCreateStatic)
    xTaskIncrementTick                       0x08002409   Thumb Code   180  tasks.o(i.xTaskIncrementTick)
    xTaskResumeAll                           0x080024c5   Thumb Code   164  tasks.o(i.xTaskResumeAll)
    AHBPrescTable                            0x0800258c   Data          16  system_stm32l0xx.o(.constdata)
    PLLMulTable                              0x0800259c   Data           9  system_stm32l0xx.o(.constdata)
    APBPrescTable                            0x080025a5   Data           8  system_stm32l0xx.o(.constdata)
    Region$$Table$$Base                      0x080025bc   Number         0  anon$$obj.o(Region$$Table)
    Region$$Table$$Limit                     0x080025dc   Number         0  anon$$obj.o(Region$$Table)
    OLEDTaskHandle                           0x20000000   Data           4  freertos.o(.data)
    uwTickFreq                               0x20000004   Data           1  stm32l0xx_hal.o(.data)
    uwTickPrio                               0x20000008   Data           4  stm32l0xx_hal.o(.data)
    uwTick                                   0x2000000c   Data           4  stm32l0xx_hal.o(.data)
    SystemCoreClock                          0x20000010   Data           4  system_stm32l0xx.o(.data)
    pxCurrentTCB                             0x20000014   Data           4  tasks.o(.data)
    __stdout                                 0x2000006c   Data           4  stdout.o(.data)
    hadc                                     0x200002c4   Data          92  adc.o(.bss)
    hi2c1                                    0x20000320   Data          76  i2c.o(.bss)
    huart1                                   0x2000036c   Data         132  usart.o(.bss)
    htim22                                   0x200003f0   Data          64  stm32l0xx_hal_timebase_tim.o(.bss)
    __initial_sp                             0x20001520   Data           0  startup_stm32l051xx.o(STACK)



==============================================================================

Memory Map of the image

  Image Entry point : 0x080000c1

  Load Region LR_IROM1 (Base: 0x08000000, Size: 0x0000264c, Max: 0x00010000, ABSOLUTE)

    Execution Region ER_IROM1 (Exec base: 0x08000000, Load base: 0x08000000, Size: 0x000025dc, Max: 0x00010000, ABSOLUTE)

    Exec Addr    Load Addr    Size         Type   Attr      Idx    E Section Name        Object

    0x08000000   0x08000000   0x000000c0   Data   RO            3    RESET               startup_stm32l051xx.o
    0x080000c0   0x080000c0   0x00000000   Code   RO         4853  * .ARM.Collect$$$$00000000  mc_p.l(entry.o)
    0x080000c0   0x080000c0   0x00000004   Code   RO         5128    .ARM.Collect$$$$00000001  mc_p.l(entry2.o)
    0x080000c4   0x080000c4   0x00000004   Code   RO         5131    .ARM.Collect$$$$00000004  mc_p.l(entry5.o)
    0x080000c8   0x080000c8   0x00000000   Code   RO         5133    .ARM.Collect$$$$00000008  mc_p.l(entry7b.o)
    0x080000c8   0x080000c8   0x00000000   Code   RO         5135    .ARM.Collect$$$$0000000A  mc_p.l(entry8b.o)
    0x080000c8   0x080000c8   0x00000008   Code   RO         5136    .ARM.Collect$$$$0000000B  mc_p.l(entry9a.o)
    0x080000d0   0x080000d0   0x00000004   Code   RO         5143    .ARM.Collect$$$$0000000E  mc_p.l(entry12b.o)
    0x080000d4   0x080000d4   0x00000000   Code   RO         5138    .ARM.Collect$$$$0000000F  mc_p.l(entry10a.o)
    0x080000d4   0x080000d4   0x00000000   Code   RO         5140    .ARM.Collect$$$$00000011  mc_p.l(entry11a.o)
    0x080000d4   0x080000d4   0x00000004   Code   RO         5129    .ARM.Collect$$$$00002712  mc_p.l(entry2.o)
    0x080000d8   0x080000d8   0x00000078   Code   RO         4788    .emb_text           port.o
    0x08000150   0x08000150   0x0000001c   Code   RO            4    .text               startup_stm32l051xx.o
    0x0800016c   0x0800016c   0x0000002c   Code   RO         4856    .text               mc_p.l(uidiv.o)
    0x08000198   0x08000198   0x00000060   Code   RO         4858    .text               mc_p.l(uldiv.o)
    0x080001f8   0x080001f8   0x00000024   Code   RO         4860    .text               mc_p.l(memcpya.o)
    0x0800021c   0x0800021c   0x00000024   Code   RO         4864    .text               mc_p.l(memseta.o)
    0x08000240   0x08000240   0x00000020   Code   RO         5145    .text               mc_p.l(llshl.o)
    0x08000260   0x08000260   0x00000022   Code   RO         5147    .text               mc_p.l(llushr.o)
    0x08000282   0x08000282   0x00000002   PAD
    0x08000284   0x08000284   0x00000024   Code   RO         5160    .text               mc_p.l(init.o)
    0x080002a8   0x080002a8   0x00000024   Code   RO          541    i.ADC_DelayMicroSecond  stm32l0xx_hal_adc.o
    0x080002cc   0x080002cc   0x00000004   Code   RO           12    i.Error_Handler     main.o
    0x080002d0   0x080002d0   0x00000094   Code   RO          545    i.HAL_ADC_ConfigChannel  stm32l0xx_hal_adc.o
    0x08000364   0x08000364   0x000001c8   Code   RO          554    i.HAL_ADC_Init      stm32l0xx_hal_adc.o
    0x0800052c   0x0800052c   0x00000050   Code   RO          286    i.HAL_ADC_MspInit   adc.o
    0x0800057c   0x0800057c   0x000001b0   Code   RO         1902    i.HAL_GPIO_Init     stm32l0xx_hal_gpio.o
    0x0800072c   0x0800072c   0x0000000c   Code   RO         1906    i.HAL_GPIO_WritePin  stm32l0xx_hal_gpio.o
    0x08000738   0x08000738   0x0000000c   Code   RO          787    i.HAL_GetTick       stm32l0xx_hal.o
    0x08000744   0x08000744   0x0000004a   Code   RO         1438    i.HAL_I2CEx_ConfigAnalogFilter  stm32l0xx_hal_i2c_ex.o
    0x0800078e   0x0800078e   0x00000048   Code   RO         1439    i.HAL_I2CEx_ConfigDigitalFilter  stm32l0xx_hal_i2c_ex.o
    0x080007d6   0x080007d6   0x00000002   PAD
    0x080007d8   0x080007d8   0x000000b4   Code   RO          991    i.HAL_I2C_Init      stm32l0xx_hal_i2c.o
    0x0800088c   0x0800088c   0x0000005c   Code   RO          324    i.HAL_I2C_MspInit   i2c.o
    0x080008e8   0x080008e8   0x00000010   Code   RO          793    i.HAL_IncTick       stm32l0xx_hal.o
    0x080008f8   0x080008f8   0x00000028   Code   RO          794    i.HAL_Init          stm32l0xx_hal.o
    0x08000920   0x08000920   0x00000090   Code   RO          461    i.HAL_InitTick      stm32l0xx_hal_timebase_tim.o
    0x080009b0   0x080009b0   0x00000024   Code   RO          441    i.HAL_MspInit       stm32l0xx_hal_msp.o
    0x080009d4   0x080009d4   0x00000018   Code   RO         2231    i.HAL_NVIC_EnableIRQ  stm32l0xx_hal_cortex.o
    0x080009ec   0x080009ec   0x00000008   Code   RO         2235    i.HAL_NVIC_SetPriority  stm32l0xx_hal_cortex.o
    0x080009f4   0x080009f4   0x00000164   Code   RO         1589    i.HAL_RCCEx_PeriphCLKConfig  stm32l0xx_hal_rcc_ex.o
    0x08000b58   0x08000b58   0x0000019c   Code   RO         1489    i.HAL_RCC_ClockConfig  stm32l0xx_hal_rcc.o
    0x08000cf4   0x08000cf4   0x00000040   Code   RO         1492    i.HAL_RCC_GetClockConfig  stm32l0xx_hal_rcc.o
    0x08000d34   0x08000d34   0x00000020   Code   RO         1495    i.HAL_RCC_GetPCLK1Freq  stm32l0xx_hal_rcc.o
    0x08000d54   0x08000d54   0x00000020   Code   RO         1496    i.HAL_RCC_GetPCLK2Freq  stm32l0xx_hal_rcc.o
    0x08000d74   0x08000d74   0x0000007c   Code   RO         1497    i.HAL_RCC_GetSysClockFreq  stm32l0xx_hal_rcc.o
    0x08000df0   0x08000df0   0x00000426   Code   RO         1500    i.HAL_RCC_OscConfig  stm32l0xx_hal_rcc.o
    0x08001216   0x08001216   0x0000003e   Code   RO         2408    i.HAL_TIM_Base_Init  stm32l0xx_hal_tim.o
    0x08001254   0x08001254   0x00000002   Code   RO         2410    i.HAL_TIM_Base_MspInit  stm32l0xx_hal_tim.o
    0x08001256   0x08001256   0x00000002   PAD
    0x08001258   0x08001258   0x0000004c   Code   RO         2413    i.HAL_TIM_Base_Start_IT  stm32l0xx_hal_tim.o
    0x080012a4   0x080012a4   0x00000002   Code   RO         2442    i.HAL_TIM_IC_CaptureCallback  stm32l0xx_hal_tim.o
    0x080012a6   0x080012a6   0x00000126   Code   RO         2456    i.HAL_TIM_IRQHandler  stm32l0xx_hal_tim.o
    0x080013cc   0x080013cc   0x00000002   Code   RO         2459    i.HAL_TIM_OC_DelayElapsedCallback  stm32l0xx_hal_tim.o
    0x080013ce   0x080013ce   0x00000002   Code   RO         2486    i.HAL_TIM_PWM_PulseFinishedCallback  stm32l0xx_hal_tim.o
    0x080013d0   0x080013d0   0x00000014   Code   RO           13    i.HAL_TIM_PeriodElapsedCallback  main.o
    0x080013e4   0x080013e4   0x00000002   Code   RO         2499    i.HAL_TIM_TriggerCallback  stm32l0xx_hal_tim.o
    0x080013e6   0x080013e6   0x0000006a   Code   RO         3158    i.HAL_UART_Init     stm32l0xx_hal_uart.o
    0x08001450   0x08001450   0x0000005c   Code   RO          362    i.HAL_UART_MspInit  usart.o
    0x080014ac   0x080014ac   0x00000002   Code   RO          405    i.HardFault_Handler  stm32l0xx_it.o
    0x080014ae   0x080014ae   0x00000002   PAD
    0x080014b0   0x080014b0   0x0000006c   Code   RO          287    i.MX_ADC_Init       adc.o
    0x0800151c   0x0800151c   0x00000028   Code   RO          235    i.MX_FREERTOS_Init  freertos.o
    0x08001544   0x08001544   0x000000a8   Code   RO          215    i.MX_GPIO_Init      gpio.o
    0x080015ec   0x080015ec   0x00000058   Code   RO          325    i.MX_I2C1_Init      i2c.o
    0x08001644   0x08001644   0x00000038   Code   RO          363    i.MX_USART1_UART_Init  usart.o
    0x0800167c   0x0800167c   0x00000002   Code   RO          406    i.NMI_Handler       stm32l0xx_it.o
    0x0800167e   0x0800167e   0x00000002   PAD
    0x08001680   0x08001680   0x00000024   Code   RO          236    i.Oled_ShowTask     freertos.o
    0x080016a4   0x080016a4   0x00000002   Code   RO         4789    i.SVC_Handler       port.o
    0x080016a6   0x080016a6   0x00000002   PAD
    0x080016a8   0x080016a8   0x00000024   Code   RO         4790    i.SysTick_Handler   port.o
    0x080016cc   0x080016cc   0x00000090   Code   RO           14    i.SystemClock_Config  main.o
    0x0800175c   0x0800175c   0x00000002   Code   RO         3598    i.SystemInit        system_stm32l0xx.o
    0x0800175e   0x0800175e   0x00000002   PAD
    0x08001760   0x08001760   0x00000010   Code   RO          407    i.TIM22_IRQHandler  stm32l0xx_it.o
    0x08001770   0x08001770   0x00000058   Code   RO         2501    i.TIM_Base_SetConfig  stm32l0xx_hal_tim.o
    0x080017c8   0x080017c8   0x000000ca   Code   RO         3172    i.UART_AdvFeatureConfig  stm32l0xx_hal_uart.o
    0x08001892   0x08001892   0x00000002   PAD
    0x08001894   0x08001894   0x00000064   Code   RO         3173    i.UART_CheckIdleState  stm32l0xx_hal_uart.o
    0x080018f8   0x080018f8   0x00000200   Code   RO         3188    i.UART_SetConfig    stm32l0xx_hal_uart.o
    0x08001af8   0x08001af8   0x000000d4   Code   RO         3193    i.UART_WaitOnFlagUntilTimeout  stm32l0xx_hal_uart.o
    0x08001bcc   0x08001bcc   0x00000014   Code   RO         4869    i.__0printf$bare    mc_p.l(printfb.o)
    0x08001be0   0x08001be0   0x00000030   Code   RO         1574    i.__ARM_common_ll_muluu  stm32l0xx_hal_rcc.o
    0x08001c10   0x08001c10   0x0000001a   Code   RO         2047    i.__ARM_common_switch8  stm32l0xx_hal_dma.o
    0x08001c2a   0x08001c2a   0x00000002   PAD
    0x08001c2c   0x08001c2c   0x00000044   Code   RO         2241    i.__NVIC_SetPriority  stm32l0xx_hal_cortex.o
    0x08001c70   0x08001c70   0x0000000e   Code   RO         5170    i.__scatterload_copy  mc_p.l(handlers.o)
    0x08001c7e   0x08001c7e   0x00000002   Code   RO         5171    i.__scatterload_null  mc_p.l(handlers.o)
    0x08001c80   0x08001c80   0x0000000e   Code   RO         5172    i.__scatterload_zeroinit  mc_p.l(handlers.o)
    0x08001c8e   0x08001c8e   0x0000001e   Code   RO         4876    i._printf_core      mc_p.l(printfb.o)
    0x08001cac   0x08001cac   0x00000014   Code   RO          364    i.fputc             usart.o
    0x08001cc0   0x08001cc0   0x00000022   Code   RO           15    i.main              main.o
    0x08001ce2   0x08001ce2   0x0000000c   Code   RO         4390    i.makeFreeRtosPriority  cmsis_os.o
    0x08001cee   0x08001cee   0x00000010   Code   RO         4392    i.osDelay           cmsis_os.o
    0x08001cfe   0x08001cfe   0x0000000a   Code   RO         4395    i.osKernelStart     cmsis_os.o
    0x08001d08   0x08001d08   0x00000058   Code   RO         4429    i.osThreadCreate    cmsis_os.o
    0x08001d60   0x08001d60   0x00000058   Code   RO         4085    i.prvAddCurrentTaskToDelayedList  tasks.o
    0x08001db8   0x08001db8   0x000000b8   Code   RO         4086    i.prvAddNewTaskToReadyList  tasks.o
    0x08001e70   0x08001e70   0x00000026   Code   RO         4087    i.prvDeleteTCB      tasks.o
    0x08001e96   0x08001e96   0x00000002   PAD
    0x08001e98   0x08001e98   0x00000044   Code   RO         4739    i.prvHeapInit       heap_4.o
    0x08001edc   0x08001edc   0x00000048   Code   RO         4088    i.prvIdleTask       tasks.o
    0x08001f24   0x08001f24   0x0000008a   Code   RO         4089    i.prvInitialiseNewTask  tasks.o
    0x08001fae   0x08001fae   0x00000002   PAD
    0x08001fb0   0x08001fb0   0x0000004c   Code   RO         4740    i.prvInsertBlockIntoFreeList  heap_4.o
    0x08001ffc   0x08001ffc   0x00000020   Code   RO         4090    i.prvResetNextTaskUnblockTime  tasks.o
    0x0800201c   0x0800201c   0x00000014   Code   RO         4791    i.prvTaskExitError  port.o
    0x08002030   0x08002030   0x000000b0   Code   RO         4741    i.pvPortMalloc      heap_4.o
    0x080020e0   0x080020e0   0x00000020   Code   RO         4792    i.pxPortInitialiseStack  port.o
    0x08002100   0x08002100   0x00000026   Code   RO         3724    i.uxListRemove      list.o
    0x08002126   0x08002126   0x00000002   PAD
    0x08002128   0x08002128   0x00000014   Code   RO          237    i.vApplicationGetIdleTaskMemory  freertos.o
    0x0800213c   0x0800213c   0x00000016   Code   RO         3725    i.vListInitialise   list.o
    0x08002152   0x08002152   0x00000006   Code   RO         3726    i.vListInitialiseItem  list.o
    0x08002158   0x08002158   0x00000030   Code   RO         3727    i.vListInsert       list.o
    0x08002188   0x08002188   0x00000018   Code   RO         3728    i.vListInsertEnd    list.o
    0x080021a0   0x080021a0   0x00000018   Code   RO         4794    i.vPortEnterCritical  port.o
    0x080021b8   0x080021b8   0x0000001c   Code   RO         4795    i.vPortExitCritical  port.o
    0x080021d4   0x080021d4   0x00000044   Code   RO         4742    i.vPortFree         heap_4.o
    0x08002218   0x08002218   0x00000018   Code   RO         4796    i.vPortYield        port.o
    0x08002230   0x08002230   0x00000030   Code   RO         4098    i.vTaskDelay        tasks.o
    0x08002260   0x08002260   0x00000058   Code   RO         4111    i.vTaskStartScheduler  tasks.o
    0x080022b8   0x080022b8   0x00000010   Code   RO         4113    i.vTaskSuspendAll   tasks.o
    0x080022c8   0x080022c8   0x00000058   Code   RO         4114    i.vTaskSwitchContext  tasks.o
    0x08002320   0x08002320   0x00000050   Code   RO         4797    i.xPortStartScheduler  port.o
    0x08002370   0x08002370   0x00000052   Code   RO         4116    i.xTaskCreate       tasks.o
    0x080023c2   0x080023c2   0x00000044   Code   RO         4117    i.xTaskCreateStatic  tasks.o
    0x08002406   0x08002406   0x00000002   PAD
    0x08002408   0x08002408   0x000000bc   Code   RO         4124    i.xTaskIncrementTick  tasks.o
    0x080024c4   0x080024c4   0x000000ac   Code   RO         4130    i.xTaskResumeAll    tasks.o
    0x08002570   0x08002570   0x0000001c   Data   RO          239    .constdata          freertos.o
    0x0800258c   0x0800258c   0x00000019   Data   RO         3599    .constdata          system_stm32l0xx.o
    0x080025a5   0x080025a5   0x00000008   Data   RO         3600    .constdata          system_stm32l0xx.o
    0x080025ad   0x080025ad   0x00000003   PAD
    0x080025b0   0x080025b0   0x00000009   Data   RO          240    .conststring        freertos.o
    0x080025b9   0x080025b9   0x00000003   PAD
    0x080025bc   0x080025bc   0x00000020   Data   RO         5168    Region$$Table       anon$$obj.o


    Execution Region RW_IRAM1 (Exec base: 0x20000000, Load base: 0x080025dc, Size: 0x00001520, Max: 0x00002000, ABSOLUTE)

    Exec Addr    Load Addr    Size         Type   Attr      Idx    E Section Name        Object

    0x20000000   0x080025dc   0x00000004   Data   RW          241    .data               freertos.o
    0x20000004   0x080025e0   0x0000000c   Data   RW          805    .data               stm32l0xx_hal.o
    0x20000010   0x080025ec   0x00000004   Data   RW         3601    .data               system_stm32l0xx.o
    0x20000014   0x080025f0   0x0000003c   Data   RW         4133    .data               tasks.o
    0x20000050   0x0800262c   0x00000018   Data   RW         4747    .data               heap_4.o
    0x20000068   0x08002644   0x00000004   Data   RW         4798    .data               port.o
    0x2000006c   0x08002648   0x00000004   Data   RW         5144    .data               mc_p.l(stdout.o)
    0x20000070        -       0x00000254   Zero   RW          238    .bss                freertos.o
    0x200002c4        -       0x0000005c   Zero   RW          288    .bss                adc.o
    0x20000320        -       0x0000004c   Zero   RW          326    .bss                i2c.o
    0x2000036c        -       0x00000084   Zero   RW          365    .bss                usart.o
    0x200003f0        -       0x00000040   Zero   RW          464    .bss                stm32l0xx_hal_timebase_tim.o
    0x20000430        -       0x000000f0   Zero   RW         4132    .bss                tasks.o
    0x20000520        -       0x00000c00   Zero   RW         4746    .bss                heap_4.o
    0x20001120        -       0x00000400   Zero   RW            1    STACK               startup_stm32l051xx.o


==============================================================================

Image component sizes


      Code (inc. data)   RO Data    RW Data    ZI Data      Debug   Object Name

       188         20          0          0         92       1619   adc.o
       126          0          0          0          0       8277   cmsis_os.o
         0          0          0          0          0      10684   event_groups.o
        96         26         37          4        596       3652   freertos.o
       168         18          0          0          0        923   gpio.o
       388         22          0         24       3072       4163   heap_4.o
       180         24          0          0         76       1589   i2c.o
       138          0          0          0          0       3346   list.o
       202          8          0          0          0     369624   main.o
       366         58          0          4          0       6856   port.o
        28          8        192          0       1024        628   startup_stm32l051xx.o
        68         14          0         12          0       7350   stm32l0xx_hal.o
       640         26          0          0          0       2883   stm32l0xx_hal_adc.o
       100         14          0          0          0      11316   stm32l0xx_hal_cortex.o
        26          0          0          0          0         72   stm32l0xx_hal_dma.o
         0          0          0          0          0       2460   stm32l0xx_hal_flash.o
       444         30          0          0          0       2104   stm32l0xx_hal_gpio.o
       180          4          0          0          0       2831   stm32l0xx_hal_i2c.o
       146          0          0          0          0       1887   stm32l0xx_hal_i2c_ex.o
        36          4          0          0          0        458   stm32l0xx_hal_msp.o
      1774        104          0          0          0       6305   stm32l0xx_hal_rcc.o
       356         14          0          0          0       1420   stm32l0xx_hal_rcc_ex.o
       530         18          0          0          0       6577   stm32l0xx_hal_tim.o
       144         24          0          0         64       1032   stm32l0xx_hal_timebase_tim.o
      1132         62          0          0          0       5821   stm32l0xx_hal_uart.o
        20          6          0          0          0       1289   stm32l0xx_it.o
         0          0          0          0          0       9604   stream_buffer.o
         2          0         33          4          0       1159   system_stm32l0xx.o
      1302         82          0         60        240      17874   tasks.o
       168         22          0          0        132       2126   usart.o

    ----------------------------------------------------------------------
      8972        608        300        108       5296     495929   Object Totals
         0          0         32          0          0          0   (incl. Generated)
        24          0          6          0          0          0   (incl. Padding)

    ----------------------------------------------------------------------

      Code (inc. data)   RO Data    RW Data    ZI Data      Debug   Library Member Name

         0          0          0          0          0          0   entry.o
         0          0          0          0          0          0   entry10a.o
         0          0          0          0          0          0   entry11a.o
         4          0          0          0          0          0   entry12b.o
         8          4          0          0          0          0   entry2.o
         4          0          0          0          0          0   entry5.o
         0          0          0          0          0          0   entry7b.o
         0          0          0          0          0          0   entry8b.o
         8          4          0          0          0          0   entry9a.o
        30          0          0          0          0          0   handlers.o
        36          8          0          0          0         68   init.o
        32          0          0          0          0         68   llshl.o
        34          0          0          0          0         68   llushr.o
        36          0          0          0          0         60   memcpya.o
        36          0          0          0          0        100   memseta.o
        50          8          0          0          0        144   printfb.o
         0          0          0          4          0          0   stdout.o
        44          0          0          0          0         72   uidiv.o
        96          0          0          0          0         84   uldiv.o

    ----------------------------------------------------------------------
       420         24          0          4          0        664   Library Totals
         2          0          0          0          0          0   (incl. Padding)

    ----------------------------------------------------------------------

      Code (inc. data)   RO Data    RW Data    ZI Data      Debug   Library Name

       418         24          0          4          0        664   mc_p.l

    ----------------------------------------------------------------------
       420         24          0          4          0        664   Library Totals

    ----------------------------------------------------------------------

==============================================================================


      Code (inc. data)   RO Data    RW Data    ZI Data      Debug   

      9392        632        300        112       5296     492469   Grand Totals
      9392        632        300        112       5296     492469   ELF Image Totals
      9392        632        300        112          0          0   ROM Totals

==============================================================================

    Total RO  Size (Code + RO Data)                 9692 (   9.46kB)
    Total RW  Size (RW Data + ZI Data)              5408 (   5.28kB)
    Total ROM Size (Code + RO Data + RW Data)       9804 (   9.57kB)

==============================================================================

