<html>
<body>
<pre>
<h1>µVision Build Log</h1>
<h2>Tool Versions:</h2>
IDE-Version: ¦ÌVision V5.32.0.0
Copyright (C) 2020 ARM Ltd and ARM Germany GmbH. All rights reserved.
License Information: Q Q, Q, LIC=8VRJ7-ESPNS-8T53P-M839H-Z7PG8-5LRFB
 
Tool Versions:
Toolchain:       MDK-ARM Plus  Version: 5.32.0.0
Toolchain Path:  D:\Keil_v5\ARM\ARMCC\Bin
C Compiler:      Armcc.exe V5.06 update 7 (build 960)
Assembler:       Armasm.exe V5.06 update 7 (build 960)
Linker/Locator:  ArmLink.exe V5.06 update 7 (build 960)
Library Manager: ArmAr.exe V5.06 update 7 (build 960)
Hex Converter:   FromElf.exe V5.06 update 7 (build 960)
CPU DLL:         SARMCM3.DLL V5.32.0.0
Dialog DLL:      DARMCM1.DLL V1.19.4.0
Target DLL:      STLink\ST-LINKIII-KEIL_SWO.dll V3.0.8.0
Dialog DLL:      TARMCM1.DLL V1.14.3.0
 
<h2>Project:</h2>
F:\Desktop\wu-han\Soft_SoiTempHumi\Soft_SoiTempHumi\MDK-ARM\Soft_SoiTempHumi.uvprojx
Project File Date:  03/03/2023

<h2>Output:</h2>
*** Using Compiler 'V5.06 update 7 (build 960)', folder: 'D:\Keil_v5\ARM\ARMCC\Bin'
Build target 'Soft_SoiTempHumi'
assembling startup_stm32l051xx.s...
compiling oled.c...
compiling stm32l0xx_it.c...
compiling gpio.c...
compiling stm32l0xx_hal_timebase_tim.c...
compiling stm32l0xx_hal_msp.c...
compiling adc.c...
compiling stm32l0xx_hal.c...
compiling freertos.c...
../Core/Src/freertos.c(271): warning:  #177-D: variable "Timerout"  was declared but never referenced
          uint16_t Timerout;
../Core/Src/freertos.c: 1 warning, 0 errors
compiling dma.c...
compiling stm32l0xx_hal_i2c_ex.c...
compiling usart.c...
compiling stm32l0xx_hal_adc_ex.c...
compiling main.c...
compiling stm32l0xx_hal_adc.c...
compiling stm32l0xx_hal_i2c.c...
compiling stm32l0xx_hal_flash.c...
compiling stm32l0xx_hal_flash_ramfunc.c...
compiling stm32l0xx_hal_flash_ex.c...
compiling stm32l0xx_hal_rcc_ex.c...
compiling stm32l0xx_hal_gpio.c...
compiling stm32l0xx_hal_cortex.c...
compiling stm32l0xx_hal_rcc.c...
compiling stm32l0xx_hal_pwr_ex.c...
compiling stm32l0xx_hal_pwr.c...
compiling stm32l0xx_hal_exti.c...
compiling stm32l0xx_hal_uart_ex.c...
compiling stm32l0xx_hal_dma.c...
compiling croutine.c...
compiling list.c...
compiling event_groups.c...
compiling stm32l0xx_hal_tim_ex.c...
compiling timers.c...
compiling stream_buffer.c...
compiling queue.c...
compiling stm32l0xx_hal_uart.c...
compiling heap_4.c...
compiling port.c...
compiling tasks.c...
compiling cmsis_os.c...
compiling stm32l0xx_hal_tim.c...
compiling system_stm32l0xx.c...
linking...
Program Size: Code=19732 RO-data=7436 RW-data=152 ZI-data=6792  
FromELF: creating hex file...
"Soft_SoiTempHumi\Soft_SoiTempHumi.axf" - 0 Error(s), 1 Warning(s).

<h2>Software Packages used:</h2>

Package Vendor: ARM
                http://www.keil.com/pack/ARM.CMSIS.5.7.0.pack
                ARM.CMSIS.5.7.0
                CMSIS (Cortex Microcontroller Software Interface Standard)
   * Component: CORE Version: 5.4.0

Package Vendor: Keil
                http://www.keil.com/pack/Keil.STM32L0xx_DFP.2.2.0.pack
                Keil.STM32L0xx_DFP.2.2.0
                STMicroelectronics STM32L0 Series Device Support, Drivers and Examples

<h2>Collection of Component include folders:</h2>
  .\RTE\_Soft_SoiTempHumi
  D:\Users\Administrator\AppData\Local\Arm\Packs\ARM\CMSIS\5.7.0\CMSIS\Core\Include
  D:\Users\Administrator\AppData\Local\Arm\Packs\Keil\STM32L0xx_DFP\2.2.0\Drivers\CMSIS\Device\ST\STM32L0xx\Include

<h2>Collection of Component Files used:</h2>

   * Component: ARM::CMSIS:CORE:5.4.0
      Include file:  CMSIS\Core\Include\tz_context.h
Build Time Elapsed:  00:00:07
</pre>
</body>
</html>
